Component: ARM Compiler 5.06 update 7 (build 960) Tool: armlink [4d3601]

==============================================================================

Section Cross References

    startup_stm32f10x_hd.o(STACK) refers (Special) to heapauxi.o(.text) for __use_two_region_memory
    startup_stm32f10x_hd.o(HEAP) refers (Special) to heapauxi.o(.text) for __use_two_region_memory
    startup_stm32f10x_hd.o(RESET) refers (Special) to heapauxi.o(.text) for __use_two_region_memory
    startup_stm32f10x_hd.o(RESET) refers to startup_stm32f10x_hd.o(STACK) for __initial_sp
    startup_stm32f10x_hd.o(RESET) refers to startup_stm32f10x_hd.o(.text) for Reset_Handler
    startup_stm32f10x_hd.o(RESET) refers to stm32f10x_it.c.o(i.NMI_Handler) for NMI_Handler
    startup_stm32f10x_hd.o(RESET) refers to stm32f10x_it.c.o(i.HardFault_Handler) for HardFault_Handler
    startup_stm32f10x_hd.o(RESET) refers to stm32f10x_it.c.o(i.MemManage_Handler) for MemManage_Handler
    startup_stm32f10x_hd.o(RESET) refers to stm32f10x_it.c.o(i.BusFault_Handler) for BusFault_Handler
    startup_stm32f10x_hd.o(RESET) refers to stm32f10x_it.c.o(i.UsageFault_Handler) for UsageFault_Handler
    startup_stm32f10x_hd.o(RESET) refers to stm32f10x_it.c.o(i.SVC_Handler) for SVC_Handler
    startup_stm32f10x_hd.o(RESET) refers to stm32f10x_it.c.o(i.DebugMon_Handler) for DebugMon_Handler
    startup_stm32f10x_hd.o(RESET) refers to stm32f10x_it.c.o(i.PendSV_Handler) for PendSV_Handler
    startup_stm32f10x_hd.o(RESET) refers to stm32f10x_it.c.o(i.SysTick_Handler) for SysTick_Handler
    startup_stm32f10x_hd.o(RESET) refers to stm32f10x_it.c.o(i.TIM3_IRQHandler) for TIM3_IRQHandler
    startup_stm32f10x_hd.o(RESET) refers to stm32f10x_it.c.o(i.TIM4_IRQHandler) for TIM4_IRQHandler
    startup_stm32f10x_hd.o(RESET) refers to stm32f10x_it.c.o(i.USART2_IRQHandler) for USART2_IRQHandler
    startup_stm32f10x_hd.o(.text) refers (Special) to heapauxi.o(.text) for __use_two_region_memory
    startup_stm32f10x_hd.o(.text) refers to system_stm32f10x.o(i.SystemInit) for SystemInit
    startup_stm32f10x_hd.o(.text) refers to __main.o(!!!main) for __main
    startup_stm32f10x_hd.o(.text) refers to startup_stm32f10x_hd.o(HEAP) for Heap_Mem
    startup_stm32f10x_hd.o(.text) refers to startup_stm32f10x_hd.o(STACK) for Stack_Mem
    system_stm32f10x.o(i.SetSysClock) refers to system_stm32f10x.o(i.SetSysClockTo72) for SetSysClockTo72
    system_stm32f10x.o(i.SystemCoreClockUpdate) refers to system_stm32f10x.o(.data) for SystemCoreClock
    system_stm32f10x.o(i.SystemInit) refers to system_stm32f10x.o(i.SetSysClock) for SetSysClock
    main.c.o(i.main) refers to _printf_percent.o(.ARM.Collect$$_printf_percent$$00000000) for _printf_percent
    main.c.o(i.main) refers to _printf_f.o(.ARM.Collect$$_printf_percent$$00000003) for _printf_f
    main.c.o(i.main) refers to printf1.o(x$fpl$printf1) for _printf_fp_dec
    main.c.o(i.main) refers to delay_1.o(i.delay_init) for delay_init
    main.c.o(i.main) refers to sys.o(i.NVIC_Configuration) for NVIC_Configuration
    main.c.o(i.main) refers to oled.o(i.OLED_Init) for OLED_Init
    main.c.o(i.main) refers to oled.o(i.OLED_Clear) for OLED_Clear
    main.c.o(i.main) refers to i2c.o(i.IIC_Init) for IIC_Init
    main.c.o(i.main) refers to delay.o(i.Delay_Init) for Delay_Init
    main.c.o(i.main) refers to uart.o(i.My_Uart_Init) for My_Uart_Init
    main.c.o(i.main) refers to stm32f10x_rcc.o(i.RCC_APB2PeriphClockCmd) for RCC_APB2PeriphClockCmd
    main.c.o(i.main) refers to stm32f10x_gpio.o(i.GPIO_Init) for GPIO_Init
    main.c.o(i.main) refers to stm32f10x_gpio.o(i.GPIO_ResetBits) for GPIO_ResetBits
    main.c.o(i.main) refers to aht20.o(i.AHT20_Init) for AHT20_Init
    main.c.o(i.main) refers to aht20.o(i.AHT20_ReadHT) for AHT20_ReadHT
    main.c.o(i.main) refers to aht20.o(i.StandardUnitCon) for StandardUnitCon
    main.c.o(i.main) refers to test.o(i.TEST_MainPage) for TEST_MainPage
    main.c.o(i.main) refers to f2d.o(x$fpl$f2d) for __aeabi_f2d
    main.c.o(i.main) refers to noretval__2printf.o(.text) for __2printf
    main.c.o(i.main) refers to delay.o(i.Delay_ms) for Delay_ms
    main.c.o(i.main) refers to main.c.o(.bss) for AHT20
    delay.o(i.Delay_Init) refers to misc.o(i.SysTick_CLKSourceConfig) for SysTick_CLKSourceConfig
    delay.o(i.Delay_Init) refers to system_stm32f10x.o(.data) for SystemCoreClock
    delay.o(i.Delay_Init) refers to delay.o(.data) for fac_us
    delay.o(i.Delay_ms) refers to delay.o(.data) for fac_ms
    delay.o(i.Delay_us) refers to delay.o(.data) for fac_us
    i2c.o(i.I2C_ACK) refers to delay.o(i.Delay_us) for Delay_us
    i2c.o(i.I2C_NACK) refers to delay.o(i.Delay_us) for Delay_us
    i2c.o(i.I2C_Read_Byte) refers to delay.o(i.Delay_us) for Delay_us
    i2c.o(i.I2C_Read_Byte) refers to i2c.o(i.I2C_NACK) for I2C_NACK
    i2c.o(i.I2C_Read_Byte) refers to i2c.o(i.I2C_ACK) for I2C_ACK
    i2c.o(i.I2C_Send_Byte) refers to delay.o(i.Delay_us) for Delay_us
[...]
    ../clib/armsys.c                         0x00000000   Number         0  argv_veneer.o ABSOLUTE
    ../clib/armsys.c                         0x00000000   Number         0  _get_argv_nomalloc.o ABSOLUTE
    ../clib/armsys.c                         0x00000000   Number         0  argv_veneer.o ABSOLUTE
    ../clib/bigflt.c                         0x00000000   Number         0  bigflt0.o ABSOLUTE
    ../clib/btod.s                           0x00000000   Number         0  btod.o ABSOLUTE
    ../clib/heapalloc.c                      0x00000000   Number         0  hrguard.o ABSOLUTE
    ../clib/heapaux.c                        0x00000000   Number         0  heapauxi.o ABSOLUTE
    ../clib/libinit.s                        0x00000000   Number         0  libinit.o ABSOLUTE
    ../clib/libinit.s                        0x00000000   Number         0  libinit2.o ABSOLUTE
    ../clib/libinit.s                        0x00000000   Number         0  libshutdown.o ABSOLUTE
    ../clib/libinit.s                        0x00000000   Number         0  libshutdown2.o ABSOLUTE
    ../clib/locale.s                         0x00000000   Number         0  lc_numeric_c.o ABSOLUTE
    ../clib/longlong.s                       0x00000000   Number         0  lludiv10.o ABSOLUTE
    ../clib/memcpset.s                       0x00000000   Number         0  aeabi_memset.o ABSOLUTE
    ../clib/memcpset.s                       0x00000000   Number         0  strcmpv7m.o ABSOLUTE
    ../clib/memcpset.s                       0x00000000   Number         0  rt_memclr.o ABSOLUTE
    ../clib/memcpset.s                       0x00000000   Number         0  rt_memclr_w.o ABSOLUTE
    ../clib/misc.s                           0x00000000   Number         0  printf_stubs.o ABSOLUTE
    ../clib/printf.c                         0x00000000   Number         0  __printf_nopercent.o ABSOLUTE
    ../clib/printf.c                         0x00000000   Number         0  __printf_ss.o ABSOLUTE
    ../clib/printf.c                         0x00000000   Number         0  __printf_flags.o ABSOLUTE
    ../clib/printf.c                         0x00000000   Number         0  __printf_flags_wp.o ABSOLUTE
    ../clib/printf.c                         0x00000000   Number         0  __printf_ss_wp.o ABSOLUTE
    ../clib/printf.c                         0x00000000   Number         0  _printf_fp_infnan.o ABSOLUTE
    ../clib/printf.c                         0x00000000   Number         0  __printf.o ABSOLUTE
    ../clib/printf.c                         0x00000000   Number         0  __printf_flags_ss_wp.o ABSOLUTE
    ../clib/printf.c                         0x00000000   Number         0  noretval__2printf.o ABSOLUTE
    ../clib/printf.c                         0x00000000   Number         0  __2printf.o ABSOLUTE
    ../clib/printf.c                         0x00000000   Number         0  _printf_fp_dec.o ABSOLUTE
    ../clib/printf.c                         0x00000000   Number         0  _printf_char_common.o ABSOLUTE
    ../clib/printf.c                         0x00000000   Number         0  _printf_char_file.o ABSOLUTE
    ../clib/printf.c                         0x00000000   Number         0  __printf_flags_ss.o ABSOLUTE
    ../clib/printf.c                         0x00000000   Number         0  __printf_wp.o ABSOLUTE
    ../clib/printf_percent.s                 0x00000000   Number         0  _printf_percent_end.o ABSOLUTE
    ../clib/printf_percent.s                 0x00000000   Number         0  _printf_f.o ABSOLUTE
    ../clib/printf_percent.s                 0x00000000   Number         0  _printf_percent.o ABSOLUTE
    ../clib/signal.c                         0x00000000   Number         0  defsig_pvfn_inner.o ABSOLUTE
    ../clib/signal.c                         0x00000000   Number         0  __raise.o ABSOLUTE
    ../clib/signal.c                         0x00000000   Number         0  defsig_general.o ABSOLUTE
    ../clib/signal.c                         0x00000000   Number         0  defsig_rtmem_outer.o ABSOLUTE
    ../clib/signal.c                         0x00000000   Number         0  defsig_rtmem_formal.o ABSOLUTE
    ../clib/signal.c                         0x00000000   Number         0  defsig_cppl_inner.o ABSOLUTE
    ../clib/signal.c                         0x00000000   Number         0  defsig_rtmem_inner.o ABSOLUTE
    ../clib/signal.c                         0x00000000   Number         0  defsig_segv_inner.o ABSOLUTE
    ../clib/signal.c                         0x00000000   Number         0  defsig_exit.o ABSOLUTE
    ../clib/signal.c                         0x00000000   Number         0  defsig_other.o ABSOLUTE
    ../clib/signal.c                         0x00000000   Number         0  defsig_abrt_inner.o ABSOLUTE
    ../clib/signal.c                         0x00000000   Number         0  defsig_fpe_inner.o ABSOLUTE
    ../clib/signal.c                         0x00000000   Number         0  defsig_rtred_inner.o ABSOLUTE
    ../clib/signal.c                         0x00000000   Number         0  defsig_stak_inner.o ABSOLUTE
    ../clib/signal.s                         0x00000000   Number         0  defsig.o ABSOLUTE
    ../clib/stdio.c                          0x00000000   Number         0  ferror.o ABSOLUTE
    ../clib/stdio.c                          0x00000000   Number         0  ferror_locked.o ABSOLUTE
    ../clib/stdlib.c                         0x00000000   Number         0  rand.o ABSOLUTE
    ../clib/stdlib.c                         0x00000000   Number         0  rand.o ABSOLUTE
    ../clib/stdlib.c                         0x00000000   Number         0  exit.o ABSOLUTE
    ../fplib/d2f.s                           0x00000000   Number         0  d2f.o ABSOLUTE
    ../fplib/daddsub.s                       0x00000000   Number         0  daddsub_clz.o ABSOLUTE
    ../fplib/ddiv.s                          0x00000000   Number         0  ddiv.o ABSOLUTE
    ../fplib/dflt.s                          0x00000000   Number         0  dflt_clz.o ABSOLUTE
    ../fplib/dmul.s                          0x00000000   Number         0  dmul.o ABSOLUTE
    ../fplib/dnaninf.s                       0x00000000   Number         0  dnaninf.o ABSOLUTE
    ../fplib/dretinf.s                       0x00000000   Number         0  dretinf.o ABSOLUTE
    ../fplib/f2d.s                           0x00000000   Number         0  f2d.o ABSOLUTE
    ../fplib/fcmpi.s                         0x00000000   Number         0  fcmpi.o ABSOLUTE
    ../fplib/fleqf.s                         0x00000000   Number         0  fleqf.o ABSOLUTE
    ../fplib/fnaninf.s                       0x00000000   Number         0  fnaninf.o ABSOLUTE
    ../fplib/fpinit.s                        0x00000000   Number         0  fpinit.o ABSOLUTE
    ../fplib/fretinf.s                       0x00000000   Number         0  fretinf.o ABSOLUTE
    ../fplib/frleqf.s                        0x00000000   Number         0  frleqf.o ABSOLUTE
    ../fplib/istatus.s                       0x00000000   Number         0  istatus.o ABSOLUTE
    ../fplib/printf1.s                       0x00000000   Number         0  printf1.o ABSOLUTE
    ../fplib/usenofp.s                       0x00000000   Number         0  usenofp.o ABSOLUTE
    ../mathlib/fpclassify.c                  0x00000000   Number         0  fpclassify.o ABSOLUTE
    ..\Libraries\CMSIS\core_cm3.c            0x00000000   Number         0  core_cm3.o ABSOLUTE
    ..\Libraries\CMSIS\startup\startup_stm32f10x_hd.s 0x00000000   Number         0  startup_stm32f10x_hd.o ABSOLUTE
    ..\Libraries\CMSIS\system_stm32f10x.c    0x00000000   Number         0  system_stm32f10x.o ABSOLUTE
    ..\Libraries\STM32F10x_StdPeriph_Driver\src\misc.c 0x00000000   Number         0  misc.o ABSOLUTE
    ..\Libraries\STM32F10x_StdPeriph_Driver\src\stm32f10x_adc.c 0x00000000   Number         0  stm32f10x_adc.o ABSOLUTE
    ..\Libraries\STM32F10x_StdPeriph_Driver\src\stm32f10x_bkp.c 0x00000000   Number         0  stm32f10x_bkp.o ABSOLUTE
    ..\Libraries\STM32F10x_StdPeriph_Driver\src\stm32f10x_can.c 0x00000000   Number         0  stm32f10x_can.o ABSOLUTE
    ..\Libraries\STM32F10x_StdPeriph_Driver\src\stm32f10x_cec.c 0x00000000   Number         0  stm32f10x_cec.o ABSOLUTE
    ..\Libraries\STM32F10x_StdPeriph_Driver\src\stm32f10x_crc.c 0x00000000   Number         0  stm32f10x_crc.o ABSOLUTE
    ..\Libraries\STM32F10x_StdPeriph_Driver\src\stm32f10x_dac.c 0x00000000   Number         0  stm32f10x_dac.o ABSOLUTE
    ..\Libraries\STM32F10x_StdPeriph_Driver\src\stm32f10x_dbgmcu.c 0x00000000   Number         0  stm32f10x_dbgmcu.o ABSOLUTE
    ..\Libraries\STM32F10x_StdPeriph_Driver\src\stm32f10x_dma.c 0x00000000   Number         0  stm32f10x_dma.o ABSOLUTE
    ..\Libraries\STM32F10x_StdPeriph_Driver\src\stm32f10x_exti.c 0x00000000   Number         0  stm32f10x_exti.o ABSOLUTE
    ..\Libraries\STM32F10x_StdPeriph_Driver\src\stm32f10x_flash.c 0x00000000   Number         0  stm32f10x_flash.o ABSOLUTE
    ..\Libraries\STM32F10x_StdPeriph_Driver\src\stm32f10x_fsmc.c 0x00000000   Number         0  stm32f10x_fsmc.o ABSOLUTE
    ..\Libraries\STM32F10x_StdPeriph_Driver\src\stm32f10x_gpio.c 0x00000000   Number         0  stm32f10x_gpio.o ABSOLUTE
    ..\Libraries\STM32F10x_StdPeriph_Driver\src\stm32f10x_i2c.c 0x00000000   Number         0  stm32f10x_i2c.o ABSOLUTE
    ..\Libraries\STM32F10x_StdPeriph_Driver\src\stm32f10x_iwdg.c 0x00000000   Number         0  stm32f10x_iwdg.o ABSOLUTE
    ..\Libraries\STM32F10x_StdPeriph_Driver\src\stm32f10x_pwr.c 0x00000000   Number         0  stm32f10x_pwr.o ABSOLUTE
    ..\Libraries\STM32F10x_StdPeriph_Driver\src\stm32f10x_rcc.c 0x00000000   Number         0  stm32f10x_rcc.o ABSOLUTE
    ..\Libraries\STM32F10x_StdPeriph_Driver\src\stm32f10x_rtc.c 0x00000000   Number         0  stm32f10x_rtc.o ABSOLUTE
    ..\Libraries\STM32F10x_StdPeriph_Driver\src\stm32f10x_sdio.c 0x00000000   Number         0  stm32f10x_sdio.o ABSOLUTE
    ..\Libraries\STM32F10x_StdPeriph_Driver\src\stm32f10x_spi.c 0x00000000   Number         0  stm32f10x_spi.o ABSOLUTE
    ..\Libraries\STM32F10x_StdPeriph_Driver\src\stm32f10x_tim.c 0x00000000   Number         0  stm32f10x_tim.o ABSOLUTE
    ..\Libraries\STM32F10x_StdPeriph_Driver\src\stm32f10x_usart.c 0x00000000   Number         0  stm32f10x_usart.o ABSOLUTE
    ..\Libraries\STM32F10x_StdPeriph_Driver\src\stm32f10x_wwdg.c 0x00000000   Number         0  stm32f10x_wwdg.o ABSOLUTE
    ..\OLED\delay.c                          0x00000000   Number         0  delay_1.o ABSOLUTE
    ..\OLED\gui.c                            0x00000000   Number         0  gui.o ABSOLUTE
    ..\OLED\oled.c                           0x00000000   Number         0  oled.o ABSOLUTE
    ..\OLED\spi.c                            0x00000000   Number         0  spi.o ABSOLUTE
    ..\OLED\sys.c                            0x00000000   Number         0  sys.o ABSOLUTE
    ..\OLED\test.c                           0x00000000   Number         0  test.o ABSOLUTE
    ..\User\AHT20.c                          0x00000000   Number         0  aht20.o ABSOLUTE
    ..\User\Delay.c                          0x00000000   Number         0  delay.o ABSOLUTE
    ..\User\I2C.c                            0x00000000   Number         0  i2c.o ABSOLUTE
    ..\User\UART.c                           0x00000000   Number         0  uart.o ABSOLUTE
    ..\User\main.c.c                         0x00000000   Number         0  main.c.o ABSOLUTE
    ..\User\stm32f10x_it.c.c                 0x00000000   Number         0  stm32f10x_it.c.o ABSOLUTE
    ..\\Libraries\\CMSIS\\core_cm3.c         0x00000000   Number         0  core_cm3.o ABSOLUTE
    dc.s                                     0x00000000   Number         0  dc.o ABSOLUTE
    RESET                                    0x08000000   Section      304  startup_stm32f10x_hd.o(RESET)
    !!!main                                  0x08000130   Section        8  __main.o(!!!main)
    !!!scatter                               0x08000138   Section       52  __scatter.o(!!!scatter)
    !!handler_copy                           0x0800016c   Section       26  __scatter_copy.o(!!handler_copy)
    !!handler_zi                             0x08000188   Section       28  __scatter_zi.o(!!handler_zi)
    .ARM.Collect$$_printf_percent$$00000000  0x080001a4   Section        0  _printf_percent.o(.ARM.Collect$$_printf_percent$$00000000)
    .ARM.Collect$$_printf_percent$$00000003  0x080001a4   Section        6  _printf_f.o(.ARM.Collect$$_printf_percent$$00000003)
    .ARM.Collect$$_printf_percent$$00000017  0x080001aa   Section        4  _printf_percent_end.o(.ARM.Collect$$_printf_percent$$00000017)
    .ARM.Collect$$libinit$$00000000          0x080001ae   Section        2  libinit.o(.ARM.Collect$$libinit$$00000000)
    .ARM.Collect$$libinit$$00000002          0x080001b0   Section        0  libinit2.o(.ARM.Collect$$libinit$$00000002)
    .ARM.Collect$$libinit$$00000004          0x080001b0   Section        0  libinit2.o(.ARM.Collect$$libinit$$00000004)
    .ARM.Collect$$libinit$$0000000A          0x080001b0   Section        0  libinit2.o(.ARM.Collect$$libinit$$0000000A)
    .ARM.Collect$$libinit$$0000000C          0x080001b0   Section        0  libinit2.o(.ARM.Collect$$libinit$$0000000C)
    .ARM.Collect$$libinit$$0000000E          0x080001b0   Section        0  libinit2.o(.ARM.Collect$$libinit$$0000000E)
    .ARM.Collect$$libinit$$0000000F          0x080001b0   Section        6  libinit2.o(.ARM.Collect$$libinit$$0000000F)
    .ARM.Collect$$libinit$$00000011          0x080001b6   Section        0  libinit2.o(.ARM.Collect$$libinit$$00000011)
    .ARM.Collect$$libinit$$00000013          0x080001b6   Section        0  libinit2.o(.ARM.Collect$$libinit$$00000013)
    .ARM.Collect$$libinit$$00000015          0x080001b6   Section        0  libinit2.o(.ARM.Collect$$libinit$$00000015)
    .ARM.Collect$$libinit$$00000016          0x080001b6   Section       10  libinit2.o(.ARM.Collect$$libinit$$00000016)
    .ARM.Collect$$libinit$$00000017          0x080001c0   Section        0  libinit2.o(.ARM.Collect$$libinit$$00000017)
    .ARM.Collect$$libinit$$00000019          0x080001c0   Section        0  libinit2.o(.ARM.Collect$$libinit$$00000019)
    .ARM.Collect$$libinit$$0000001B          0x080001c0   Section        0  libinit2.o(.ARM.Collect$$libinit$$0000001B)
    .ARM.Collect$$libinit$$0000001D          0x080001c0   Section        0  libinit2.o(.ARM.Collect$$libinit$$0000001D)
    .ARM.Collect$$libinit$$0000001F          0x080001c0   Section        0  libinit2.o(.ARM.Collect$$libinit$$0000001F)
    .ARM.Collect$$libinit$$00000021          0x080001c0   Section        0  libinit2.o(.ARM.Collect$$libinit$$00000021)
    .ARM.Collect$$libinit$$00000023          0x080001c0   Section        0  libinit2.o(.ARM.Collect$$libinit$$00000023)
    .ARM.Collect$$libinit$$00000025          0x080001c0   Section        0  libinit2.o(.ARM.Collect$$libinit$$00000025)
    .ARM.Collect$$libinit$$0000002C          0x080001c0   Section        0  libinit2.o(.ARM.Collect$$libinit$$0000002C)
    .ARM.Collect$$libinit$$0000002E          0x080001c0   Section        0  libinit2.o(.ARM.Collect$$libinit$$0000002E)
    .ARM.Collect$$libinit$$00000030          0x080001c0   Section        0  libinit2.o(.ARM.Collect$$libinit$$00000030)
    .ARM.Collect$$libinit$$00000032          0x080001c0   Section        0  libinit2.o(.ARM.Collect$$libinit$$00000032)
    .ARM.Collect$$libinit$$00000033          0x080001c0   Section        2  libinit2.o(.ARM.Collect$$libinit$$00000033)
    .ARM.Collect$$libshutdown$$00000000      0x080001c2   Section        2  libshutdown.o(.ARM.Collect$$libshutdown$$00000000)
    .ARM.Collect$$libshutdown$$00000002      0x080001c4   Section        0  libshutdown2.o(.ARM.Collect$$libshutdown$$00000002)
    .ARM.Collect$$libshutdown$$00000004      0x080001c4   Section        0  libshutdown2.o(.ARM.Collect$$libshutdown$$00000004)
    .ARM.Collect$$libshutdown$$00000006      0x080001c4   Section        0  libshutdown2.o(.ARM.Collect$$libshutdown$$00000006)
    .ARM.Collect$$libshutdown$$00000009      0x080001c4   Section        0  libshutdown2.o(.ARM.Collect$$libshutdown$$00000009)
    .ARM.Collect$$libshutdown$$0000000C      0x080001c4   Section        0  libshutdown2.o(.ARM.Collect$$libshutdown$$0000000C)
    .ARM.Collect$$libshutdown$$0000000E      0x080001c4   Section        0  libshutdown2.o(.ARM.Collect$$libshutdown$$0000000E)
    .ARM.Collect$$libshutdown$$00000011      0x080001c4   Section        0  libshutdown2.o(.ARM.Collect$$libshutdown$$00000011)
    .ARM.Collect$$libshutdown$$00000012      0x080001c4   Section        2  libshutdown2.o(.ARM.Collect$$libshutdown$$00000012)
    .ARM.Collect$$rtentry$$00000000          0x080001c6   Section        0  __rtentry.o(.ARM.Collect$$rtentry$$00000000)
    .ARM.Collect$$rtentry$$00000002          0x080001c6   Section        0  __rtentry2.o(.ARM.Collect$$rtentry$$00000002)
    .ARM.Collect$$rtentry$$00000004          0x080001c6   Section        6  __rtentry4.o(.ARM.Collect$$rtentry$$00000004)
    .ARM.Collect$$rtentry$$00000009          0x080001cc   Section        0  __rtentry2.o(.ARM.Collect$$rtentry$$00000009)
    .ARM.Collect$$rtentry$$0000000A          0x080001cc   Section        4  __rtentry2.o(.ARM.Collect$$rtentry$$0000000A)
    .ARM.Collect$$rtentry$$0000000C          0x080001d0   Section        0  __rtentry2.o(.ARM.Collect$$rtentry$$0000000C)
    .ARM.Collect$$rtentry$$0000000D          0x080001d0   Section        8  __rtentry2.o(.ARM.Collect$$rtentry$$0000000D)
    .ARM.Collect$$rtexit$$00000000           0x080001d8   Section        2  rtexit.o(.ARM.Collect$$rtexit$$00000000)
    .ARM.Collect$$rtexit$$00000002           0x080001da   Section        0  rtexit2.o(.ARM.Collect$$rtexit$$00000002)
    .ARM.Collect$$rtexit$$00000003           0x080001da   Section        4  rtexit2.o(.ARM.Collect$$rtexit$$00000003)
    .ARM.Collect$$rtexit$$00000004           0x080001de   Section        6  rtexit2.o(.ARM.Collect$$rtexit$$00000004)
    .text                                    0x080001e4   Section       64  startup_stm32f10x_hd.o(.text)
    .text                                    0x08000224   Section        2  use_no_semi_2.o(.text)
    .text                                    0x08000228   Section        0  noretval__2printf.o(.text)
    .text                                    0x08000240   Section        0  __printf_wp.o(.text)
    .text                                    0x0800034e   Section       16  aeabi_memset.o(.text)
    .text                                    0x0800035e   Section       68  rt_memclr.o(.text)
    .text                                    0x080003a2   Section        0  heapauxi.o(.text)
    .text                                    0x080003a8   Section        2  use_no_semi.o(.text)
    .text                                    0x080003aa   Section        0  _printf_fp_dec.o(.text)
    _fp_digits                               0x080003ad   Thumb Code   432  _printf_fp_dec.o(.text)
    .text                                    0x080007c8   Section        0  _printf_char_file.o(.text)
    .text                                    0x080007ec   Section       78  rt_memclr_w.o(.text)
    .text                                    0x0800083c   Section        8  rt_locale_intlibspace.o(.text)
    .text                                    0x08000844   Section      138  lludiv10.o(.text)
    .text                                    0x080008d0   Section        0  _printf_char_common.o(.text)
    _printf_input_char                       0x080008d1   Thumb Code    10  _printf_char_common.o(.text)
    .text                                    0x08000900   Section        0  _printf_fp_infnan.o(.text)
    .text                                    0x08000980   Section        0  bigflt0.o(.text)
    .text                                    0x08000a64   Section        0  ferror.o(.text)
    .text                                    0x08000a6c   Section        8  libspace.o(.text)
    .text                                    0x08000a74   Section       74  sys_stackheap_outer.o(.text)
    .text                                    0x08000abe   Section        0  exit.o(.text)
    .text                                    0x08000ad0   Section      128  strcmpv7m.o(.text)
    CL$$btod_d2e                             0x08000b50   Section       62  btod.o(CL$$btod_d2e)
    CL$$btod_d2e_denorm_low                  0x08000b8e   Section       70  btod.o(CL$$btod_d2e_denorm_low)
    CL$$btod_d2e_norm_op1                    0x08000bd4   Section       96  btod.o(CL$$btod_d2e_norm_op1)
    CL$$btod_div_common                      0x08000c34   Section      824  btod.o(CL$$btod_div_common)
    CL$$btod_e2e                             0x08000f6c   Section      220  btod.o(CL$$btod_e2e)
    CL$$btod_ediv                            0x08001048   Section       42  btod.o(CL$$btod_ediv)
    CL$$btod_emul                            0x08001072   Section       42  btod.o(CL$$btod_emul)
    CL$$btod_mult_common                     0x0800109c   Section      580  btod.o(CL$$btod_mult_common)
    i.AHT20_IcInitCmd                        0x080012e0   Section        0  aht20.o(i.AHT20_IcInitCmd)
    AHT20_IcInitCmd                          0x080012e1   Thumb Code    28  aht20.o(i.AHT20_IcInitCmd)
    i.AHT20_Init                             0x080012fc   Section        0  aht20.o(i.AHT20_Init)
    i.AHT20_ReadBusyCmd                      0x08001354   Section        0  aht20.o(i.AHT20_ReadBusyCmd)
    AHT20_ReadBusyCmd                        0x08001355   Thumb Code    12  aht20.o(i.AHT20_ReadBusyCmd)
    i.AHT20_ReadCalEnableCmd                 0x08001360   Section        0  aht20.o(i.AHT20_ReadCalEnableCmd)
    AHT20_ReadCalEnableCmd                   0x08001361   Thumb Code    14  aht20.o(i.AHT20_ReadCalEnableCmd)
    i.AHT20_ReadHT                           0x0800136e   Section        0  aht20.o(i.AHT20_ReadHT)
    i.AHT20_ReadStatusCmd                    0x080013e6   Section        0  aht20.o(i.AHT20_ReadStatusCmd)
    AHT20_ReadStatusCmd                      0x080013e7   Thumb Code    20  aht20.o(i.AHT20_ReadStatusCmd)
    i.AHT20_SoftResetCmd                     0x080013fa   Section        0  aht20.o(i.AHT20_SoftResetCmd)
    AHT20_SoftResetCmd                       0x080013fb   Thumb Code    16  aht20.o(i.AHT20_SoftResetCmd)
    i.AHT20_TrigMeasureCmd                   0x0800140a   Section        0  aht20.o(i.AHT20_TrigMeasureCmd)
    AHT20_TrigMeasureCmd                     0x0800140b   Thumb Code    28  aht20.o(i.AHT20_TrigMeasureCmd)
    i.BusFault_Handler                       0x08001426   Section        0  stm32f10x_it.c.o(i.BusFault_Handler)
    i.DebugMon_Handler                       0x0800142a   Section        0  stm32f10x_it.c.o(i.DebugMon_Handler)
    i.Delay_Init                             0x0800142c   Section        0  delay.o(i.Delay_Init)
    i.Delay_ms                               0x08001470   Section        0  delay.o(i.Delay_ms)
    i.Delay_us                               0x080014bc   Section        0  delay.o(i.Delay_us)
    i.GPIO_Init                              0x08001508   Section        0  stm32f10x_gpio.o(i.GPIO_Init)
    i.GPIO_ResetBits                         0x0800161e   Section        0  stm32f10x_gpio.o(i.GPIO_ResetBits)
    i.GPIO_SetBits                           0x08001622   Section        0  stm32f10x_gpio.o(i.GPIO_SetBits)
    i.GUI_ShowCHinese                        0x08001626   Section        0  gui.o(i.GUI_ShowCHinese)
    i.GUI_ShowChar                           0x08001690   Section        0  gui.o(i.GUI_ShowChar)
    i.GUI_ShowFont16                         0x080017a0   Section        0  gui.o(i.GUI_ShowFont16)
    i.GUI_ShowFont24                         0x08001890   Section        0  gui.o(i.GUI_ShowFont24)
    i.GUI_ShowFont32                         0x08001994   Section        0  gui.o(i.GUI_ShowFont32)
    i.GUI_ShowString                         0x08001a8c   Section        0  gui.o(i.GUI_ShowString)
    i.GUI_ch_ShowFont16                      0x08001afc   Section        0  gui.o(i.GUI_ch_ShowFont16)
    i.HardFault_Handler                      0x08001bec   Section        0  stm32f10x_it.c.o(i.HardFault_Handler)
    i.I2C_ACK                                0x08001bf0   Section        0  i2c.o(i.I2C_ACK)
    i.I2C_NACK                               0x08001c40   Section        0  i2c.o(i.I2C_NACK)
    i.I2C_Read_Byte                          0x08001c90   Section        0  i2c.o(i.I2C_Read_Byte)
    i.I2C_Send_Byte                          0x08001d00   Section        0  i2c.o(i.I2C_Send_Byte)
    i.I2C_Start                              0x08001d68   Section        0  i2c.o(i.I2C_Start)
    i.I2C_Stop                               0x08001db4   Section        0  i2c.o(i.I2C_Stop)
    i.I2C_Wait_ACK                           0x08001e00   Section        0  i2c.o(i.I2C_Wait_ACK)
    i.IIC_Init                               0x08001e64   Section        0  i2c.o(i.IIC_Init)
    i.MemManage_Handler                      0x08001e98   Section        0  stm32f10x_it.c.o(i.MemManage_Handler)
    i.My_Uart_Init                           0x08001e9c   Section        0  uart.o(i.My_Uart_Init)
    i.NMI_Handler                            0x08001f44   Section        0  stm32f10x_it.c.o(i.NMI_Handler)
    i.NVIC_Configuration                     0x08001f46   Section        0  sys.o(i.NVIC_Configuration)
    i.NVIC_Init                              0x08001f54   Section        0  misc.o(i.NVIC_Init)
    i.NVIC_PriorityGroupConfig               0x08001fc4   Section        0  misc.o(i.NVIC_PriorityGroupConfig)
    i.OLED_Clear                             0x08001fd8   Section        0  oled.o(i.OLED_Clear)
    i.OLED_Display                           0x08002000   Section        0  oled.o(i.OLED_Display)
    i.OLED_Init                              0x08002048   Section        0  oled.o(i.OLED_Init)
    i.OLED_Init_GPIO                         0x08002124   Section        0  oled.o(i.OLED_Init_GPIO)
    i.OLED_Reset                             0x0800215c   Section        0  oled.o(i.OLED_Reset)
    i.OLED_Set_Pixel                         0x08002190   Section        0  oled.o(i.OLED_Set_Pixel)
    i.OLED_WR_Byte                           0x08002210   Section        0  oled.o(i.OLED_WR_Byte)
    i.PendSV_Handler                         0x08002250   Section        0  stm32f10x_it.c.o(i.PendSV_Handler)
    i.RCC_APB1PeriphClockCmd                 0x08002254   Section        0  stm32f10x_rcc.o(i.RCC_APB1PeriphClockCmd)
    i.RCC_APB2PeriphClockCmd                 0x08002274   Section        0  stm32f10x_rcc.o(i.RCC_APB2PeriphClockCmd)
    i.RCC_GetClocksFreq                      0x08002294   Section        0  stm32f10x_rcc.o(i.RCC_GetClocksFreq)
    i.SPI_WriteByte                          0x08002368   Section        0  spi.o(i.SPI_WriteByte)
    i.SVC_Handler                            0x080023b4   Section        0  stm32f10x_it.c.o(i.SVC_Handler)
    i.SetSysClock                            0x080023b6   Section        0  system_stm32f10x.o(i.SetSysClock)
    SetSysClock                              0x080023b7   Thumb Code     8  system_stm32f10x.o(i.SetSysClock)
    i.SetSysClockTo72                        0x080023c0   Section        0  system_stm32f10x.o(i.SetSysClockTo72)
    SetSysClockTo72                          0x080023c1   Thumb Code   214  system_stm32f10x.o(i.SetSysClockTo72)
    i.Soft_I2C_Read                          0x080024a0   Section        0  aht20.o(i.Soft_I2C_Read)
    i.Soft_I2C_Write                         0x08002514   Section        0  aht20.o(i.Soft_I2C_Write)
    i.StandardUnitCon                        0x08002574   Section        0  aht20.o(i.StandardUnitCon)
    i.SysTick_CLKSourceConfig                0x08002634   Section        0  misc.o(i.SysTick_CLKSourceConfig)
    i.SysTick_Handler                        0x0800265c   Section        0  stm32f10x_it.c.o(i.SysTick_Handler)
    i.SystemInit                             0x08002660   Section        0  system_stm32f10x.o(i.SystemInit)
    i.TEST_MainPage                          0x080026c0   Section        0  test.o(i.TEST_MainPage)
    i.TIM3_IRQHandler                        0x08002724   Section        0  stm32f10x_it.c.o(i.TIM3_IRQHandler)
    i.TIM4_IRQHandler                        0x08002740   Section        0  stm32f10x_it.c.o(i.TIM4_IRQHandler)
    i.USART2_IRQHandler                      0x0800275c   Section        0  stm32f10x_it.c.o(i.USART2_IRQHandler)
    i.USART_Cmd                              0x0800275e   Section        0  stm32f10x_usart.o(i.USART_Cmd)
    i.USART_ITConfig                         0x08002776   Section        0  stm32f10x_usart.o(i.USART_ITConfig)
    i.USART_Init                             0x080027c0   Section        0  stm32f10x_usart.o(i.USART_Init)
    i.UsageFault_Handler                     0x08002898   Section        0  stm32f10x_it.c.o(i.UsageFault_Handler)
    i.__ARM_fpclassify                       0x0800289c   Section        0  fpclassify.o(i.__ARM_fpclassify)
    i._is_digit                              0x080028c4   Section        0  __printf_wp.o(i._is_digit)
    i._sys_exit                              0x080028d2   Section        0  uart.o(i._sys_exit)
    i.delay_init                             0x080028d8   Section        0  delay_1.o(i.delay_init)
    i.delay_ms                               0x0800291c   Section        0  delay_1.o(i.delay_ms)
    i.fputc                                  0x08002968   Section        0  uart.o(i.fputc)
    i.main                                   0x08002984   Section        0  main.c.o(i.main)
    locale$$code                             0x08002a5c   Section       44  lc_numeric_c.o(locale$$code)
    x$fpl$d2f                                0x08002a88   Section       98  d2f.o(x$fpl$d2f)
    x$fpl$dadd                               0x08002aec   Section      336  daddsub_clz.o(x$fpl$dadd)
    _dadd1                                   0x08002afd   Thumb Code     0  daddsub_clz.o(x$fpl$dadd)
    x$fpl$ddiv                               0x08002c3c   Section      688  ddiv.o(x$fpl$ddiv)
    ddiv_entry                               0x08002c43   Thumb Code     0  ddiv.o(x$fpl$ddiv)
    x$fpl$dfltu                              0x08002eec   Section       38  dflt_clz.o(x$fpl$dfltu)
    x$fpl$dmul                               0x08002f14   Section      340  dmul.o(x$fpl$dmul)
    x$fpl$dnaninf                            0x08003068   Section      156  dnaninf.o(x$fpl$dnaninf)
    x$fpl$dretinf                            0x08003104   Section       12  dretinf.o(x$fpl$dretinf)
    x$fpl$dsub                               0x08003110   Section      468  daddsub_clz.o(x$fpl$dsub)
    _dsub1                                   0x08003121   Thumb Code     0  daddsub_clz.o(x$fpl$dsub)
    x$fpl$f2d                                0x080032e4   Section       86  f2d.o(x$fpl$f2d)
    x$fpl$fcmpinf                            0x0800333a   Section       24  fcmpi.o(x$fpl$fcmpinf)
    x$fpl$fleqf                              0x08003354   Section      104  fleqf.o(x$fpl$fleqf)
    x$fpl$fnaninf                            0x080033bc   Section      140  fnaninf.o(x$fpl$fnaninf)
    x$fpl$fretinf                            0x08003448   Section       10  fretinf.o(x$fpl$fretinf)
    x$fpl$frleqf                             0x08003452   Section       98  frleqf.o(x$fpl$frleqf)
    x$fpl$printf1                            0x080034b4   Section        4  printf1.o(x$fpl$printf1)
    .constdata                               0x080034b8   Section     3640  gui.o(.constdata)
    x$fpl$usenofp                            0x080034b8   Section        0  usenofp.o(x$fpl$usenofp)
    .constdata                               0x080042f0   Section      148  bigflt0.o(.constdata)
    tenpwrs_x                                0x080042f0   Data          60  bigflt0.o(.constdata)
    tenpwrs_i                                0x0800432c   Data          64  bigflt0.o(.constdata)
    locale$$data                             0x080043a4   Section       28  lc_numeric_c.o(locale$$data)
    __lcnum_c_name                           0x080043a8   Data           2  lc_numeric_c.o(locale$$data)
    __lcnum_c_start                          0x080043b0   Data           0  lc_numeric_c.o(locale$$data)
    __lcnum_c_point                          0x080043bc   Data           0  lc_numeric_c.o(locale$$data)
    __lcnum_c_thousands                      0x080043be   Data           0  lc_numeric_c.o(locale$$data)
    __lcnum_c_grouping                       0x080043bf   Data           0  lc_numeric_c.o(locale$$data)
    __lcnum_c_end                            0x080043c0   Data           0  lc_numeric_c.o(locale$$data)
    .data                                    0x20000000   Section       20  system_stm32f10x.o(.data)
    .data                                    0x20000014   Section        4  delay.o(.data)
    fac_us                                   0x20000014   Data           1  delay.o(.data)
    fac_ms                                   0x20000016   Data           2  delay.o(.data)
    .data                                    0x20000018   Section        4  uart.o(.data)
    .data                                    0x2000001c   Section       20  stm32f10x_rcc.o(.data)
    APBAHBPrescTable                         0x2000001c   Data          16  stm32f10x_rcc.o(.data)
    ADCPrescTable                            0x2000002c   Data           4  stm32f10x_rcc.o(.data)
    .data                                    0x20000030   Section        4  delay_1.o(.data)
    fac_us                                   0x20000030   Data           1  delay_1.o(.data)
    fac_ms                                   0x20000032   Data           2  delay_1.o(.data)
    .bss                                     0x20000034   Section       20  main.c.o(.bss)
    .bss                                     0x20000048   Section     1024  oled.o(.bss)
    OLED_buffer                              0x20000048   Data        1024  oled.o(.bss)
    .bss                                     0x20000448   Section       96  libspace.o(.bss)
    HEAP                                     0x200004a8   Section      512  startup_stm32f10x_hd.o(HEAP)
    Heap_Mem                                 0x200004a8   Data         512  startup_stm32f10x_hd.o(HEAP)
    STACK                                    0x200006a8   Section     1024  startup_stm32f10x_hd.o(STACK)
    Stack_Mem                                0x200006a8   Data        1024  startup_stm32f10x_hd.o(STACK)
    __initial_sp                             0x20000aa8   Data           0  startup_stm32f10x_hd.o(STACK)

    Global Symbols

    Symbol Name                              Value     Ov Type        Size  Object(Section)

    BuildAttributes$$THM_ISAv4$P$D$K$B$S$PE$A:L22UL41UL21$X:L11$S22US41US21$IEEE1$IW$USESV6$~STKCKD$USESV7$~SHL$OTIME$ROPI$IEEEJ$EBA8$UX$STANDARDLIB$REQ8$PRES8$EABIv2 0x00000000   Number         0  anon$$obj.o ABSOLUTE
    __ARM_use_no_argv                        0x00000000   Number         0  main.c.o ABSOLUTE
    _printf_flags                            0x00000000   Number         0  printf_stubs.o ABSOLUTE
    _printf_return_value                     0x00000000   Number         0  printf_stubs.o ABSOLUTE
    _printf_sizespec                         0x00000000   Number         0  printf_stubs.o ABSOLUTE
    _printf_widthprec                        0x00000000   Number         0  printf_stubs.o ABSOLUTE
    __ARM_exceptions_init                     - Undefined Weak Reference
    __alloca_initialize                       - Undefined Weak Reference
    __arm_fini_                               - Undefined Weak Reference
    __arm_preinit_                            - Undefined Weak Reference
    __cpp_initialize__aeabi_                  - Undefined Weak Reference
    __cxa_finalize                            - Undefined Weak Reference
    __sigvec_lookup                           - Undefined Weak Reference
    _atexit_init                              - Undefined Weak Reference
    _call_atexit_fns                          - Undefined Weak Reference
    _clock_init                               - Undefined Weak Reference
    _fp_trap_init                             - Undefined Weak Reference
    _fp_trap_shutdown                         - Undefined Weak Reference
    _get_lc_collate                           - Undefined Weak Reference
    _get_lc_ctype                             - Undefined Weak Reference
    _get_lc_monetary                          - Undefined Weak Reference
    _get_lc_time                              - Undefined Weak Reference
    _getenv_init                              - Undefined Weak Reference
    _handle_redirection                       - Undefined Weak Reference
    _init_alloc                               - Undefined Weak Reference
    _init_user_alloc                          - Undefined Weak Reference
    _initio                                   - Undefined Weak Reference
    _mutex_acquire                            - Undefined Weak Reference
    _mutex_release                            - Undefined Weak Reference
    _printf_post_padding                      - Undefined Weak Reference
    _printf_pre_padding                       - Undefined Weak Reference
    _signal_finish                            - Undefined Weak Reference
    _signal_init                              - Undefined Weak Reference
    _terminate_alloc                          - Undefined Weak Reference
    _terminate_user_alloc                     - Undefined Weak Reference
    _terminateio                              - Undefined Weak Reference
    __Vectors_Size                           0x00000130   Number         0  startup_stm32f10x_hd.o ABSOLUTE
    __Vectors                                0x08000000   Data           4  startup_stm32f10x_hd.o(RESET)
    __Vectors_End                            0x08000130   Data           0  startup_stm32f10x_hd.o(RESET)
    __main                                   0x08000131   Thumb Code     8  __main.o(!!!main)
    __scatterload                            0x08000139   Thumb Code     0  __scatter.o(!!!scatter)
    __scatterload_rt2                        0x08000139   Thumb Code    44  __scatter.o(!!!scatter)
    __scatterload_rt2_thumb_only             0x08000139   Thumb Code     0  __scatter.o(!!!scatter)
    __scatterload_null                       0x08000147   Thumb Code     0  __scatter.o(!!!scatter)
    __scatterload_copy                       0x0800016d   Thumb Code    26  __scatter_copy.o(!!handler_copy)
    __scatterload_zeroinit                   0x08000189   Thumb Code    28  __scatter_zi.o(!!handler_zi)
    _printf_f                                0x080001a5   Thumb Code     0  _printf_f.o(.ARM.Collect$$_printf_percent$$00000003)
    _printf_percent                          0x080001a5   Thumb Code     0  _printf_percent.o(.ARM.Collect$$_printf_percent$$00000000)
    _printf_percent_end                      0x080001ab   Thumb Code     0  _printf_percent_end.o(.ARM.Collect$$_printf_percent$$00000017)
    __rt_lib_init                            0x080001af   Thumb Code     0  libinit.o(.ARM.Collect$$libinit$$00000000)
    __rt_lib_init_fp_1                       0x080001b1   Thumb Code     0  libinit2.o(.ARM.Collect$$libinit$$00000002)
    __rt_lib_init_heap_1                     0x080001b1   Thumb Code     0  libinit2.o(.ARM.Collect$$libinit$$0000000A)
    __rt_lib_init_lc_common                  0x080001b1   Thumb Code     0  libinit2.o(.ARM.Collect$$libinit$$0000000F)
    __rt_lib_init_preinit_1                  0x080001b1   Thumb Code     0  libinit2.o(.ARM.Collect$$libinit$$00000004)
    __rt_lib_init_rand_1                     0x080001b1   Thumb Code     0  libinit2.o(.ARM.Collect$$libinit$$0000000E)
    __rt_lib_init_user_alloc_1               0x080001b1   Thumb Code     0  libinit2.o(.ARM.Collect$$libinit$$0000000C)
    __rt_lib_init_lc_collate_1               0x080001b7   Thumb Code     0  libinit2.o(.ARM.Collect$$libinit$$00000011)
    __rt_lib_init_lc_ctype_1                 0x080001b7   Thumb Code     0  libinit2.o(.ARM.Collect$$libinit$$00000013)
    __rt_lib_init_lc_monetary_1              0x080001b7   Thumb Code     0  libinit2.o(.ARM.Collect$$libinit$$00000015)
    __rt_lib_init_lc_numeric_2               0x080001b7   Thumb Code     0  libinit2.o(.ARM.Collect$$libinit$$00000016)
    __rt_lib_init_alloca_1                   0x080001c1   Thumb Code     0  libinit2.o(.ARM.Collect$$libinit$$0000002E)
    __rt_lib_init_argv_1                     0x080001c1   Thumb Code     0  libinit2.o(.ARM.Collect$$libinit$$0000002C)
    __rt_lib_init_atexit_1                   0x080001c1   Thumb Code     0  libinit2.o(.ARM.Collect$$libinit$$0000001B)
    __rt_lib_init_clock_1                    0x080001c1   Thumb Code     0  libinit2.o(.ARM.Collect$$libinit$$00000021)
    __rt_lib_init_cpp_1                      0x080001c1   Thumb Code     0  libinit2.o(.ARM.Collect$$libinit$$00000032)
    __rt_lib_init_exceptions_1               0x080001c1   Thumb Code     0  libinit2.o(.ARM.Collect$$libinit$$00000030)
    __rt_lib_init_fp_trap_1                  0x080001c1   Thumb Code     0  libinit2.o(.ARM.Collect$$libinit$$0000001F)
    __rt_lib_init_getenv_1                   0x080001c1   Thumb Code     0  libinit2.o(.ARM.Collect$$libinit$$00000023)
    __rt_lib_init_lc_numeric_1               0x080001c1   Thumb Code     0  libinit2.o(.ARM.Collect$$libinit$$00000017)
    __rt_lib_init_lc_time_1                  0x080001c1   Thumb Code     0  libinit2.o(.ARM.Collect$$libinit$$00000019)
    __rt_lib_init_return                     0x080001c1   Thumb Code     0  libinit2.o(.ARM.Collect$$libinit$$00000033)
    __rt_lib_init_signal_1                   0x080001c1   Thumb Code     0  libinit2.o(.ARM.Collect$$libinit$$0000001D)
    __rt_lib_init_stdio_1                    0x080001c1   Thumb Code     0  libinit2.o(.ARM.Collect$$libinit$$00000025)
    __rt_lib_shutdown                        0x080001c3   Thumb Code     0  libshutdown.o(.ARM.Collect$$libshutdown$$00000000)
    __rt_lib_shutdown_cpp_1                  0x080001c5   Thumb Code     0  libshutdown2.o(.ARM.Collect$$libshutdown$$00000004)
    __rt_lib_shutdown_fini_1                 0x080001c5   Thumb Code     0  libshutdown2.o(.ARM.Collect$$libshutdown$$00000002)
    __rt_lib_shutdown_fp_trap_1              0x080001c5   Thumb Code     0  libshutdown2.o(.ARM.Collect$$libshutdown$$00000009)
    __rt_lib_shutdown_heap_1                 0x080001c5   Thumb Code     0  libshutdown2.o(.ARM.Collect$$libshutdown$$00000011)
    __rt_lib_shutdown_return                 0x080001c5   Thumb Code     0  libshutdown2.o(.ARM.Collect$$libshutdown$$00000012)
    __rt_lib_shutdown_signal_1               0x080001c5   Thumb Code     0  libshutdown2.o(.ARM.Collect$$libshutdown$$0000000C)
    __rt_lib_shutdown_stdio_1                0x080001c5   Thumb Code     0  libshutdown2.o(.ARM.Collect$$libshutdown$$00000006)
    __rt_lib_shutdown_user_alloc_1           0x080001c5   Thumb Code     0  libshutdown2.o(.ARM.Collect$$libshutdown$$0000000E)
    __rt_entry                               0x080001c7   Thumb Code     0  __rtentry.o(.ARM.Collect$$rtentry$$00000000)
    __rt_entry_presh_1                       0x080001c7   Thumb Code     0  __rtentry2.o(.ARM.Collect$$rtentry$$00000002)
    __rt_entry_sh                            0x080001c7   Thumb Code     0  __rtentry4.o(.ARM.Collect$$rtentry$$00000004)
    __rt_entry_li                            0x080001cd   Thumb Code     0  __rtentry2.o(.ARM.Collect$$rtentry$$0000000A)
    __rt_entry_postsh_1                      0x080001cd   Thumb Code     0  __rtentry2.o(.ARM.Collect$$rtentry$$00000009)
    __rt_entry_main                          0x080001d1   Thumb Code     0  __rtentry2.o(.ARM.Collect$$rtentry$$0000000D)
    __rt_entry_postli_1                      0x080001d1   Thumb Code     0  __rtentry2.o(.ARM.Collect$$rtentry$$0000000C)
    __rt_exit                                0x080001d9   Thumb Code     0  rtexit.o(.ARM.Collect$$rtexit$$00000000)
    __rt_exit_ls                             0x080001db   Thumb Code     0  rtexit2.o(.ARM.Collect$$rtexit$$00000003)
    __rt_exit_prels_1                        0x080001db   Thumb Code     0  rtexit2.o(.ARM.Collect$$rtexit$$00000002)
    __rt_exit_exit                           0x080001df   Thumb Code     0  rtexit2.o(.ARM.Collect$$rtexit$$00000004)
    Reset_Handler                            0x080001e5   Thumb Code     8  startup_stm32f10x_hd.o(.text)
    ADC1_2_IRQHandler                        0x080001ff   Thumb Code     0  startup_stm32f10x_hd.o(.text)
    ADC3_IRQHandler                          0x080001ff   Thumb Code     0  startup_stm32f10x_hd.o(.text)
    CAN1_RX1_IRQHandler                      0x080001ff   Thumb Code     0  startup_stm32f10x_hd.o(.text)
    CAN1_SCE_IRQHandler                      0x080001ff   Thumb Code     0  startup_stm32f10x_hd.o(.text)
    DMA1_Channel1_IRQHandler                 0x080001ff   Thumb Code     0  startup_stm32f10x_hd.o(.text)
    DMA1_Channel2_IRQHandler                 0x080001ff   Thumb Code     0  startup_stm32f10x_hd.o(.text)
    DMA1_Channel3_IRQHandler                 0x080001ff   Thumb Code     0  startup_stm32f10x_hd.o(.text)
    DMA1_Channel4_IRQHandler                 0x080001ff   Thumb Code     0  startup_stm32f10x_hd.o(.text)
    DMA1_Channel5_IRQHandler                 0x080001ff   Thumb Code     0  startup_stm32f10x_hd.o(.text)
    DMA1_Channel6_IRQHandler                 0x080001ff   Thumb Code     0  startup_stm32f10x_hd.o(.text)
    DMA1_Channel7_IRQHandler                 0x080001ff   Thumb Code     0  startup_stm32f10x_hd.o(.text)
    DMA2_Channel1_IRQHandler                 0x080001ff   Thumb Code     0  startup_stm32f10x_hd.o(.text)
    DMA2_Channel2_IRQHandler                 0x080001ff   Thumb Code     0  startup_stm32f10x_hd.o(.text)
    DMA2_Channel3_IRQHandler                 0x080001ff   Thumb Code     0  startup_stm32f10x_hd.o(.text)
    DMA2_Channel4_5_IRQHandler               0x080001ff   Thumb Code     0  startup_stm32f10x_hd.o(.text)
    EXTI0_IRQHandler                         0x080001ff   Thumb Code     0  startup_stm32f10x_hd.o(.text)
    EXTI15_10_IRQHandler                     0x080001ff   Thumb Code     0  startup_stm32f10x_hd.o(.text)
    EXTI1_IRQHandler                         0x080001ff   Thumb Code     0  startup_stm32f10x_hd.o(.text)
    EXTI2_IRQHandler                         0x080001ff   Thumb Code     0  startup_stm32f10x_hd.o(.text)
    EXTI3_IRQHandler                         0x080001ff   Thumb Code     0  startup_stm32f10x_hd.o(.text)
    EXTI4_IRQHandler                         0x080001ff   Thumb Code     0  startup_stm32f10x_hd.o(.text)
    EXTI9_5_IRQHandler                       0x080001ff   Thumb Code     0  startup_stm32f10x_hd.o(.text)
    FLASH_IRQHandler                         0x080001ff   Thumb Code     0  startup_stm32f10x_hd.o(.text)
    FSMC_IRQHandler                          0x080001ff   Thumb Code     0  startup_stm32f10x_hd.o(.text)
    I2C1_ER_IRQHandler                       0x080001ff   Thumb Code     0  startup_stm32f10x_hd.o(.text)
    I2C1_EV_IRQHandler                       0x080001ff   Thumb Code     0  startup_stm32f10x_hd.o(.text)
    I2C2_ER_IRQHandler                       0x080001ff   Thumb Code     0  startup_stm32f10x_hd.o(.text)
    I2C2_EV_IRQHandler                       0x080001ff   Thumb Code     0  startup_stm32f10x_hd.o(.text)
    PVD_IRQHandler                           0x080001ff   Thumb Code     0  startup_stm32f10x_hd.o(.text)
    RCC_IRQHandler                           0x080001ff   Thumb Code     0  startup_stm32f10x_hd.o(.text)
    RTCAlarm_IRQHandler                      0x080001ff   Thumb Code     0  startup_stm32f10x_hd.o(.text)
    RTC_IRQHandler                           0x080001ff   Thumb Code     0  startup_stm32f10x_hd.o(.text)
    SDIO_IRQHandler                          0x080001ff   Thumb Code     0  startup_stm32f10x_hd.o(.text)
    SPI1_IRQHandler                          0x080001ff   Thumb Code     0  startup_stm32f10x_hd.o(.text)
    SPI2_IRQHandler                          0x080001ff   Thumb Code     0  startup_stm32f10x_hd.o(.text)
    SPI3_IRQHandler                          0x080001ff   Thumb Code     0  startup_stm32f10x_hd.o(.text)
    TAMPER_IRQHandler                        0x080001ff   Thumb Code     0  startup_stm32f10x_hd.o(.text)
    TIM1_BRK_IRQHandler                      0x080001ff   Thumb Code     0  startup_stm32f10x_hd.o(.text)
    TIM1_CC_IRQHandler                       0x080001ff   Thumb Code     0  startup_stm32f10x_hd.o(.text)
    TIM1_TRG_COM_IRQHandler                  0x080001ff   Thumb Code     0  startup_stm32f10x_hd.o(.text)
    TIM1_UP_IRQHandler                       0x080001ff   Thumb Code     0  startup_stm32f10x_hd.o(.text)
    TIM2_IRQHandler                          0x080001ff   Thumb Code     0  startup_stm32f10x_hd.o(.text)
    TIM5_IRQHandler                          0x080001ff   Thumb Code     0  startup_stm32f10x_hd.o(.text)
    TIM6_IRQHandler                          0x080001ff   Thumb Code     0  startup_stm32f10x_hd.o(.text)
    TIM7_IRQHandler                          0x080001ff   Thumb Code     0  startup_stm32f10x_hd.o(.text)
    TIM8_BRK_IRQHandler                      0x080001ff   Thumb Code     0  startup_stm32f10x_hd.o(.text)
    TIM8_CC_IRQHandler                       0x080001ff   Thumb Code     0  startup_stm32f10x_hd.o(.text)
    TIM8_TRG_COM_IRQHandler                  0x080001ff   Thumb Code     0  startup_stm32f10x_hd.o(.text)
    TIM8_UP_IRQHandler                       0x080001ff   Thumb Code     0  startup_stm32f10x_hd.o(.text)
    UART4_IRQHandler                         0x080001ff   Thumb Code     0  startup_stm32f10x_hd.o(.text)
    UART5_IRQHandler                         0x080001ff   Thumb Code     0  startup_stm32f10x_hd.o(.text)
    USART1_IRQHandler                        0x080001ff   Thumb Code     0  startup_stm32f10x_hd.o(.text)
    USART3_IRQHandler                        0x080001ff   Thumb Code     0  startup_stm32f10x_hd.o(.text)
    USBWakeUp_IRQHandler                     0x080001ff   Thumb Code     0  startup_stm32f10x_hd.o(.text)
    USB_HP_CAN1_TX_IRQHandler                0x080001ff   Thumb Code     0  startup_stm32f10x_hd.o(.text)
    USB_LP_CAN1_RX0_IRQHandler               0x080001ff   Thumb Code     0  startup_stm32f10x_hd.o(.text)
    WWDG_IRQHandler                          0x080001ff   Thumb Code     0  startup_stm32f10x_hd.o(.text)
    __user_initial_stackheap                 0x08000201   Thumb Code     0  startup_stm32f10x_hd.o(.text)
    __use_no_semihosting                     0x08000225   Thumb Code     2  use_no_semi_2.o(.text)
    __2printf                                0x08000229   Thumb Code    20  noretval__2printf.o(.text)
    __printf                                 0x08000241   Thumb Code   270  __printf_wp.o(.text)
    __aeabi_memset                           0x0800034f   Thumb Code    16  aeabi_memset.o(.text)
    __aeabi_memclr                           0x0800035f   Thumb Code     0  rt_memclr.o(.text)
    __rt_memclr                              0x0800035f   Thumb Code    68  rt_memclr.o(.text)
    _memset                                  0x08000363   Thumb Code     0  rt_memclr.o(.text)
    __use_two_region_memory                  0x080003a3   Thumb Code     2  heapauxi.o(.text)
    __rt_heap_escrow$2region                 0x080003a5   Thumb Code     2  heapauxi.o(.text)
    __rt_heap_expand$2region                 0x080003a7   Thumb Code     2  heapauxi.o(.text)
    __I$use$semihosting                      0x080003a9   Thumb Code     0  use_no_semi.o(.text)
    __use_no_semihosting_swi                 0x080003a9   Thumb Code     2  use_no_semi.o(.text)
    __lib_sel_fp_printf                      0x080003ab   Thumb Code     2  _printf_fp_dec.o(.text)
    _printf_fp_dec_real                      0x0800055d   Thumb Code   620  _printf_fp_dec.o(.text)
    _printf_char_file                        0x080007c9   Thumb Code    32  _printf_char_file.o(.text)
    __aeabi_memclr4                          0x080007ed   Thumb Code     0  rt_memclr_w.o(.text)
    __aeabi_memclr8                          0x080007ed   Thumb Code     0  rt_memclr_w.o(.text)
    __rt_memclr_w                            0x080007ed   Thumb Code    78  rt_memclr_w.o(.text)
    _memset_w                                0x080007f1   Thumb Code     0  rt_memclr_w.o(.text)
    __rt_locale                              0x0800083d   Thumb Code     8  rt_locale_intlibspace.o(.text)
    _ll_udiv10                               0x08000845   Thumb Code   138  lludiv10.o(.text)
    _printf_char_common                      0x080008db   Thumb Code    32  _printf_char_common.o(.text)
    _printf_fp_infnan                        0x08000901   Thumb Code   112  _printf_fp_infnan.o(.text)
    _btod_etento                             0x08000981   Thumb Code   224  bigflt0.o(.text)
    ferror                                   0x08000a65   Thumb Code     8  ferror.o(.text)
    __user_libspace                          0x08000a6d   Thumb Code     8  libspace.o(.text)
    __user_perproc_libspace                  0x08000a6d   Thumb Code     0  libspace.o(.text)
    __user_perthread_libspace                0x08000a6d   Thumb Code     0  libspace.o(.text)
    __user_setup_stackheap                   0x08000a75   Thumb Code    74  sys_stackheap_outer.o(.text)
    exit                                     0x08000abf   Thumb Code    18  exit.o(.text)
    strcmp                                   0x08000ad1   Thumb Code   128  strcmpv7m.o(.text)
    _btod_d2e                                0x08000b51   Thumb Code    62  btod.o(CL$$btod_d2e)
    _d2e_denorm_low                          0x08000b8f   Thumb Code    70  btod.o(CL$$btod_d2e_denorm_low)
    _d2e_norm_op1                            0x08000bd5   Thumb Code    96  btod.o(CL$$btod_d2e_norm_op1)
    __btod_div_common                        0x08000c35   Thumb Code   696  btod.o(CL$$btod_div_common)
    _e2e                                     0x08000f6d   Thumb Code   220  btod.o(CL$$btod_e2e)
    _btod_ediv                               0x08001049   Thumb Code    42  btod.o(CL$$btod_ediv)
    _btod_emul                               0x08001073   Thumb Code    42  btod.o(CL$$btod_emul)
    __btod_mult_common                       0x0800109d   Thumb Code   580  btod.o(CL$$btod_mult_common)
    AHT20_Init                               0x080012fd   Thumb Code    88  aht20.o(i.AHT20_Init)
    AHT20_ReadHT                             0x0800136f   Thumb Code   120  aht20.o(i.AHT20_ReadHT)
    BusFault_Handler                         0x08001427   Thumb Code     4  stm32f10x_it.c.o(i.BusFault_Handler)
    DebugMon_Handler                         0x0800142b   Thumb Code     2  stm32f10x_it.c.o(i.DebugMon_Handler)
    Delay_Init                               0x0800142d   Thumb Code    50  delay.o(i.Delay_Init)
    Delay_ms                                 0x08001471   Thumb Code    72  delay.o(i.Delay_ms)
    Delay_us                                 0x080014bd   Thumb Code    72  delay.o(i.Delay_us)
    GPIO_Init                                0x08001509   Thumb Code   278  stm32f10x_gpio.o(i.GPIO_Init)
    GPIO_ResetBits                           0x0800161f   Thumb Code     4  stm32f10x_gpio.o(i.GPIO_ResetBits)
    GPIO_SetBits                             0x08001623   Thumb Code     4  stm32f10x_gpio.o(i.GPIO_SetBits)
    GUI_ShowCHinese                          0x08001627   Thumb Code   106  gui.o(i.GUI_ShowCHinese)
    GUI_ShowChar                             0x08001691   Thumb Code   262  gui.o(i.GUI_ShowChar)
    GUI_ShowFont16                           0x080017a1   Thumb Code   236  gui.o(i.GUI_ShowFont16)
    GUI_ShowFont24                           0x08001891   Thumb Code   256  gui.o(i.GUI_ShowFont24)
    GUI_ShowFont32                           0x08001995   Thumb Code   244  gui.o(i.GUI_ShowFont32)
    GUI_ShowString                           0x08001a8d   Thumb Code   110  gui.o(i.GUI_ShowString)
    GUI_ch_ShowFont16                        0x08001afd   Thumb Code   236  gui.o(i.GUI_ch_ShowFont16)
    HardFault_Handler                        0x08001bed   Thumb Code     4  stm32f10x_it.c.o(i.HardFault_Handler)
    I2C_ACK                                  0x08001bf1   Thumb Code    66  i2c.o(i.I2C_ACK)
    I2C_NACK                                 0x08001c41   Thumb Code    66  i2c.o(i.I2C_NACK)
    I2C_Read_Byte                            0x08001c91   Thumb Code    98  i2c.o(i.I2C_Read_Byte)
    I2C_Send_Byte                            0x08001d01   Thumb Code    90  i2c.o(i.I2C_Send_Byte)
    I2C_Start                                0x08001d69   Thumb Code    64  i2c.o(i.I2C_Start)
    I2C_Stop                                 0x08001db5   Thumb Code    64  i2c.o(i.I2C_Stop)
    I2C_Wait_ACK                             0x08001e01   Thumb Code    86  i2c.o(i.I2C_Wait_ACK)
    IIC_Init                                 0x08001e65   Thumb Code    46  i2c.o(i.IIC_Init)
    MemManage_Handler                        0x08001e99   Thumb Code     4  stm32f10x_it.c.o(i.MemManage_Handler)
    My_Uart_Init                             0x08001e9d   Thumb Code   160  uart.o(i.My_Uart_Init)
    NMI_Handler                              0x08001f45   Thumb Code     2  stm32f10x_it.c.o(i.NMI_Handler)
    NVIC_Configuration                       0x08001f47   Thumb Code    12  sys.o(i.NVIC_Configuration)
    NVIC_Init                                0x08001f55   Thumb Code   100  misc.o(i.NVIC_Init)
    NVIC_PriorityGroupConfig                 0x08001fc5   Thumb Code    10  misc.o(i.NVIC_PriorityGroupConfig)
    OLED_Clear                               0x08001fd9   Thumb Code    36  oled.o(i.OLED_Clear)
    OLED_Display                             0x08002001   Thumb Code    68  oled.o(i.OLED_Display)
    OLED_Init                                0x08002049   Thumb Code   218  oled.o(i.OLED_Init)
    OLED_Init_GPIO                           0x08002125   Thumb Code    50  oled.o(i.OLED_Init_GPIO)
    OLED_Reset                               0x0800215d   Thumb Code    46  oled.o(i.OLED_Reset)
    OLED_Set_Pixel                           0x08002191   Thumb Code   122  oled.o(i.OLED_Set_Pixel)
    OLED_WR_Byte                             0x08002211   Thumb Code    58  oled.o(i.OLED_WR_Byte)
    PendSV_Handler                           0x08002251   Thumb Code     2  stm32f10x_it.c.o(i.PendSV_Handler)
    RCC_APB1PeriphClockCmd                   0x08002255   Thumb Code    26  stm32f10x_rcc.o(i.RCC_APB1PeriphClockCmd)
    RCC_APB2PeriphClockCmd                   0x08002275   Thumb Code    26  stm32f10x_rcc.o(i.RCC_APB2PeriphClockCmd)
    RCC_GetClocksFreq                        0x08002295   Thumb Code   192  stm32f10x_rcc.o(i.RCC_GetClocksFreq)
    SPI_WriteByte                            0x08002369   Thumb Code    72  spi.o(i.SPI_WriteByte)
    SVC_Handler                              0x080023b5   Thumb Code     2  stm32f10x_it.c.o(i.SVC_Handler)
    Soft_I2C_Read                            0x080024a1   Thumb Code   116  aht20.o(i.Soft_I2C_Read)
    Soft_I2C_Write                           0x08002515   Thumb Code    96  aht20.o(i.Soft_I2C_Write)
    StandardUnitCon                          0x08002575   Thumb Code   162  aht20.o(i.StandardUnitCon)
    SysTick_CLKSourceConfig                  0x08002635   Thumb Code    40  misc.o(i.SysTick_CLKSourceConfig)
    SysTick_Handler                          0x0800265d   Thumb Code     2  stm32f10x_it.c.o(i.SysTick_Handler)
    SystemInit                               0x08002661   Thumb Code    78  system_stm32f10x.o(i.SystemInit)
    TEST_MainPage                            0x080026c1   Thumb Code    80  test.o(i.TEST_MainPage)
    TIM3_IRQHandler                          0x08002725   Thumb Code    24  stm32f10x_it.c.o(i.TIM3_IRQHandler)
    TIM4_IRQHandler                          0x08002741   Thumb Code    24  stm32f10x_it.c.o(i.TIM4_IRQHandler)
    USART2_IRQHandler                        0x0800275d   Thumb Code     2  stm32f10x_it.c.o(i.USART2_IRQHandler)
    USART_Cmd                                0x0800275f   Thumb Code    24  stm32f10x_usart.o(i.USART_Cmd)
    USART_ITConfig                           0x08002777   Thumb Code    74  stm32f10x_usart.o(i.USART_ITConfig)
    USART_Init                               0x080027c1   Thumb Code   210  stm32f10x_usart.o(i.USART_Init)
    UsageFault_Handler                       0x08002899   Thumb Code     4  stm32f10x_it.c.o(i.UsageFault_Handler)
    __ARM_fpclassify                         0x0800289d   Thumb Code    40  fpclassify.o(i.__ARM_fpclassify)
    _is_digit                                0x080028c5   Thumb Code    14  __printf_wp.o(i._is_digit)
    _sys_exit                                0x080028d3   Thumb Code     6  uart.o(i._sys_exit)
    delay_init                               0x080028d9   Thumb Code    50  delay_1.o(i.delay_init)
    delay_ms                                 0x0800291d   Thumb Code    72  delay_1.o(i.delay_ms)
    fputc                                    0x08002969   Thumb Code    24  uart.o(i.fputc)
    main                                     0x08002985   Thumb Code   174  main.c.o(i.main)
    _get_lc_numeric                          0x08002a5d   Thumb Code    44  lc_numeric_c.o(locale$$code)
    __aeabi_d2f                              0x08002a89   Thumb Code     0  d2f.o(x$fpl$d2f)
    _d2f                                     0x08002a89   Thumb Code    98  d2f.o(x$fpl$d2f)
    __aeabi_dadd                             0x08002aed   Thumb Code     0  daddsub_clz.o(x$fpl$dadd)
    _dadd                                    0x08002aed   Thumb Code   332  daddsub_clz.o(x$fpl$dadd)
    __aeabi_ddiv                             0x08002c3d   Thumb Code     0  ddiv.o(x$fpl$ddiv)
    _ddiv                                    0x08002c3d   Thumb Code   552  ddiv.o(x$fpl$ddiv)
    __aeabi_ui2d                             0x08002eed   Thumb Code     0  dflt_clz.o(x$fpl$dfltu)
    _dfltu                                   0x08002eed   Thumb Code    38  dflt_clz.o(x$fpl$dfltu)
    __aeabi_dmul                             0x08002f15   Thumb Code     0  dmul.o(x$fpl$dmul)
    _dmul                                    0x08002f15   Thumb Code   332  dmul.o(x$fpl$dmul)
    __fpl_dnaninf                            0x08003069   Thumb Code   156  dnaninf.o(x$fpl$dnaninf)
    __fpl_dretinf                            0x08003105   Thumb Code    12  dretinf.o(x$fpl$dretinf)
    __aeabi_dsub                             0x08003111   Thumb Code     0  daddsub_clz.o(x$fpl$dsub)
    _dsub                                    0x08003111   Thumb Code   464  daddsub_clz.o(x$fpl$dsub)
    __aeabi_f2d                              0x080032e5   Thumb Code     0  f2d.o(x$fpl$f2d)
    _f2d                                     0x080032e5   Thumb Code    86  f2d.o(x$fpl$f2d)
    __fpl_fcmp_Inf                           0x0800333b   Thumb Code    24  fcmpi.o(x$fpl$fcmpinf)
    __aeabi_cfcmple                          0x08003355   Thumb Code     0  fleqf.o(x$fpl$fleqf)
    _fcmple                                  0x08003355   Thumb Code   104  fleqf.o(x$fpl$fleqf)
    __fpl_fcmple_InfNaN                      0x080033a7   Thumb Code     0  fleqf.o(x$fpl$fleqf)
    __fpl_fnaninf                            0x080033bd   Thumb Code   140  fnaninf.o(x$fpl$fnaninf)
    __fpl_fretinf                            0x08003449   Thumb Code    10  fretinf.o(x$fpl$fretinf)
    __aeabi_cfrcmple                         0x08003453   Thumb Code     0  frleqf.o(x$fpl$frleqf)
    _frcmple                                 0x08003453   Thumb Code    98  frleqf.o(x$fpl$frleqf)
    _printf_fp_dec                           0x080034b5   Thumb Code     4  printf1.o(x$fpl$printf1)
    F6x8                                     0x080034b8   Data         760  gui.o(.constdata)
    __I$use$fp                               0x080034b8   Number         0  usenofp.o(x$fpl$usenofp)
    F8X16                                    0x080037b0   Data        1520  gui.o(.constdata)
    cfont16                                  0x08003da0   Data          68  gui.o(.constdata)
    a_cfont16                                0x08003de4   Data          68  gui.o(.constdata)
    cfont24                                  0x08003e28   Data         444  gui.o(.constdata)
    cfont32                                  0x08003fe4   Data         780  gui.o(.constdata)
    Region$$Table$$Base                      0x08004384   Number         0  anon$$obj.o(Region$$Table)
    Region$$Table$$Limit                     0x080043a4   Number         0  anon$$obj.o(Region$$Table)
    SystemCoreClock                          0x20000000   Data           4  system_stm32f10x.o(.data)
    AHBPrescTable                            0x20000004   Data          16  system_stm32f10x.o(.data)
    __stdout                                 0x20000018   Data           4  uart.o(.data)
    AHT20                                    0x20000034   Data          20  main.c.o(.bss)
    __libspace_start                         0x20000448   Data          96  libspace.o(.bss)
    __temporary_stack_top$libspace           0x200004a8   Data           0  libspace.o(.bss)



==============================================================================

Memory Map of the image

  Image Entry point : 0x08000131

  Load Region LR_IROM1 (Base: 0x08000000, Size: 0x000043f4, Max: 0x00040000, ABSOLUTE)

    Execution Region ER_IROM1 (Exec base: 0x08000000, Load base: 0x08000000, Size: 0x000043c0, Max: 0x00040000, ABSOLUTE)

    Exec Addr    Load Addr    Size         Type   Attr      Idx    E Section Name        Object

    0x08000000   0x08000000   0x00000130   Data   RO            3    RESET               startup_stm32f10x_hd.o
    0x08000130   0x08000130   0x00000008   Code   RO         3919  * !!!main             c_w.l(__main.o)
    0x08000138   0x08000138   0x00000034   Code   RO         4173    !!!scatter          c_w.l(__scatter.o)
    0x0800016c   0x0800016c   0x0000001a   Code   RO         4175    !!handler_copy      c_w.l(__scatter_copy.o)
    0x08000186   0x08000186   0x00000002   PAD
    0x08000188   0x08000188   0x0000001c   Code   RO         4177    !!handler_zi        c_w.l(__scatter_zi.o)
    0x080001a4   0x080001a4   0x00000000   Code   RO         3907    .ARM.Collect$$_printf_percent$$00000000  c_w.l(_printf_percent.o)
    0x080001a4   0x080001a4   0x00000006   Code   RO         3906    .ARM.Collect$$_printf_percent$$00000003  c_w.l(_printf_f.o)
    0x080001aa   0x080001aa   0x00000004   Code   RO         3956    .ARM.Collect$$_printf_percent$$00000017  c_w.l(_printf_percent_end.o)
    0x080001ae   0x080001ae   0x00000002   Code   RO         4101    .ARM.Collect$$libinit$$00000000  c_w.l(libinit.o)
    0x080001b0   0x080001b0   0x00000000   Code   RO         3960    .ARM.Collect$$libinit$$00000002  c_w.l(libinit2.o)
    0x080001b0   0x080001b0   0x00000000   Code   RO         3962    .ARM.Collect$$libinit$$00000004  c_w.l(libinit2.o)
    0x080001b0   0x080001b0   0x00000000   Code   RO         3965    .ARM.Collect$$libinit$$0000000A  c_w.l(libinit2.o)
    0x080001b0   0x080001b0   0x00000000   Code   RO         3967    .ARM.Collect$$libinit$$0000000C  c_w.l(libinit2.o)
    0x080001b0   0x080001b0   0x00000000   Code   RO         3969    .ARM.Collect$$libinit$$0000000E  c_w.l(libinit2.o)
    0x080001b0   0x080001b0   0x00000006   Code   RO         3970    .ARM.Collect$$libinit$$0000000F  c_w.l(libinit2.o)
    0x080001b6   0x080001b6   0x00000000   Code   RO         3972    .ARM.Collect$$libinit$$00000011  c_w.l(libinit2.o)
    0x080001b6   0x080001b6   0x00000000   Code   RO         3974    .ARM.Collect$$libinit$$00000013  c_w.l(libinit2.o)
    0x080001b6   0x080001b6   0x00000000   Code   RO         3976    .ARM.Collect$$libinit$$00000015  c_w.l(libinit2.o)
    0x080001b6   0x080001b6   0x0000000a   Code   RO         3977    .ARM.Collect$$libinit$$00000016  c_w.l(libinit2.o)
    0x080001c0   0x080001c0   0x00000000   Code   RO         3978    .ARM.Collect$$libinit$$00000017  c_w.l(libinit2.o)
    0x080001c0   0x080001c0   0x00000000   Code   RO         3980    .ARM.Collect$$libinit$$00000019  c_w.l(libinit2.o)
    0x080001c0   0x080001c0   0x00000000   Code   RO         3982    .ARM.Collect$$libinit$$0000001B  c_w.l(libinit2.o)
    0x080001c0   0x080001c0   0x00000000   Code   RO         3984    .ARM.Collect$$libinit$$0000001D  c_w.l(libinit2.o)
    0x080001c0   0x080001c0   0x00000000   Code   RO         3986    .ARM.Collect$$libinit$$0000001F  c_w.l(libinit2.o)
    0x080001c0   0x080001c0   0x00000000   Code   RO         3988    .ARM.Collect$$libinit$$00000021  c_w.l(libinit2.o)
    0x080001c0   0x080001c0   0x00000000   Code   RO         3990    .ARM.Collect$$libinit$$00000023  c_w.l(libinit2.o)
    0x080001c0   0x080001c0   0x00000000   Code   RO         3992    .ARM.Collect$$libinit$$00000025  c_w.l(libinit2.o)
    0x080001c0   0x080001c0   0x00000000   Code   RO         3996    .ARM.Collect$$libinit$$0000002C  c_w.l(libinit2.o)
    0x080001c0   0x080001c0   0x00000000   Code   RO         3998    .ARM.Collect$$libinit$$0000002E  c_w.l(libinit2.o)
    0x080001c0   0x080001c0   0x00000000   Code   RO         4000    .ARM.Collect$$libinit$$00000030  c_w.l(libinit2.o)
    0x080001c0   0x080001c0   0x00000000   Code   RO         4002    .ARM.Collect$$libinit$$00000032  c_w.l(libinit2.o)
    0x080001c0   0x080001c0   0x00000002   Code   RO         4003    .ARM.Collect$$libinit$$00000033  c_w.l(libinit2.o)
    0x080001c2   0x080001c2   0x00000002   Code   RO         4132    .ARM.Collect$$libshutdown$$00000000  c_w.l(libshutdown.o)
    0x080001c4   0x080001c4   0x00000000   Code   RO         4138    .ARM.Collect$$libshutdown$$00000002  c_w.l(libshutdown2.o)
    0x080001c4   0x080001c4   0x00000000   Code   RO         4140    .ARM.Collect$$libshutdown$$00000004  c_w.l(libshutdown2.o)
    0x080001c4   0x080001c4   0x00000000   Code   RO         4142    .ARM.Collect$$libshutdown$$00000006  c_w.l(libshutdown2.o)
    0x080001c4   0x080001c4   0x00000000   Code   RO         4145    .ARM.Collect$$libshutdown$$00000009  c_w.l(libshutdown2.o)
    0x080001c4   0x080001c4   0x00000000   Code   RO         4148    .ARM.Collect$$libshutdown$$0000000C  c_w.l(libshutdown2.o)
    0x080001c4   0x080001c4   0x00000000   Code   RO         4150    .ARM.Collect$$libshutdown$$0000000E  c_w.l(libshutdown2.o)
    0x080001c4   0x080001c4   0x00000000   Code   RO         4153    .ARM.Collect$$libshutdown$$00000011  c_w.l(libshutdown2.o)
    0x080001c4   0x080001c4   0x00000002   Code   RO         4154    .ARM.Collect$$libshutdown$$00000012  c_w.l(libshutdown2.o)
    0x080001c6   0x080001c6   0x00000000   Code   RO         3951    .ARM.Collect$$rtentry$$00000000  c_w.l(__rtentry.o)
    0x080001c6   0x080001c6   0x00000000   Code   RO         4016    .ARM.Collect$$rtentry$$00000002  c_w.l(__rtentry2.o)
    0x080001c6   0x080001c6   0x00000006   Code   RO         4028    .ARM.Collect$$rtentry$$00000004  c_w.l(__rtentry4.o)
    0x080001cc   0x080001cc   0x00000000   Code   RO         4018    .ARM.Collect$$rtentry$$00000009  c_w.l(__rtentry2.o)
    0x080001cc   0x080001cc   0x00000004   Code   RO         4019    .ARM.Collect$$rtentry$$0000000A  c_w.l(__rtentry2.o)
    0x080001d0   0x080001d0   0x00000000   Code   RO         4021    .ARM.Collect$$rtentry$$0000000C  c_w.l(__rtentry2.o)
    0x080001d0   0x080001d0   0x00000008   Code   RO         4022    .ARM.Collect$$rtentry$$0000000D  c_w.l(__rtentry2.o)
    0x080001d8   0x080001d8   0x00000002   Code   RO         4104    .ARM.Collect$$rtexit$$00000000  c_w.l(rtexit.o)
    0x080001da   0x080001da   0x00000000   Code   RO         4114    .ARM.Collect$$rtexit$$00000002  c_w.l(rtexit2.o)
    0x080001da   0x080001da   0x00000004   Code   RO         4115    .ARM.Collect$$rtexit$$00000003  c_w.l(rtexit2.o)
    0x080001de   0x080001de   0x00000006   Code   RO         4116    .ARM.Collect$$rtexit$$00000004  c_w.l(rtexit2.o)
    0x080001e4   0x080001e4   0x00000040   Code   RO            4    .text               startup_stm32f10x_hd.o
    0x08000224   0x08000224   0x00000002   Code   RO         3878    .text               c_w.l(use_no_semi_2.o)
    0x08000226   0x08000226   0x00000002   PAD
    0x08000228   0x08000228   0x00000018   Code   RO         3882    .text               c_w.l(noretval__2printf.o)
    0x08000240   0x08000240   0x0000010e   Code   RO         3894    .text               c_w.l(__printf_wp.o)
    0x0800034e   0x0800034e   0x00000010   Code   RO         3913    .text               c_w.l(aeabi_memset.o)
    0x0800035e   0x0800035e   0x00000044   Code   RO         3915    .text               c_w.l(rt_memclr.o)
    0x080003a2   0x080003a2   0x00000006   Code   RO         3917    .text               c_w.l(heapauxi.o)
    0x080003a8   0x080003a8   0x00000002   Code   RO         3949    .text               c_w.l(use_no_semi.o)
    0x080003aa   0x080003aa   0x0000041e   Code   RO         3952    .text               c_w.l(_printf_fp_dec.o)
    0x080007c8   0x080007c8   0x00000024   Code   RO         3954    .text               c_w.l(_printf_char_file.o)
    0x080007ec   0x080007ec   0x0000004e   Code   RO         3957    .text               c_w.l(rt_memclr_w.o)
    0x0800083a   0x0800083a   0x00000002   PAD
    0x0800083c   0x0800083c   0x00000008   Code   RO         4033    .text               c_w.l(rt_locale_intlibspace.o)
    0x08000844   0x08000844   0x0000008a   Code   RO         4035    .text               c_w.l(lludiv10.o)
    0x080008ce   0x080008ce   0x00000002   PAD
    0x080008d0   0x080008d0   0x00000030   Code   RO         4037    .text               c_w.l(_printf_char_common.o)
    0x08000900   0x08000900   0x00000080   Code   RO         4039    .text               c_w.l(_printf_fp_infnan.o)
    0x08000980   0x08000980   0x000000e4   Code   RO         4041    .text               c_w.l(bigflt0.o)
    0x08000a64   0x08000a64   0x00000008   Code   RO         4066    .text               c_w.l(ferror.o)
    0x08000a6c   0x08000a6c   0x00000008   Code   RO         4081    .text               c_w.l(libspace.o)
    0x08000a74   0x08000a74   0x0000004a   Code   RO         4084    .text               c_w.l(sys_stackheap_outer.o)
    0x08000abe   0x08000abe   0x00000012   Code   RO         4088    .text               c_w.l(exit.o)
    0x08000ad0   0x08000ad0   0x00000080   Code   RO         4090    .text               c_w.l(strcmpv7m.o)
    0x08000b50   0x08000b50   0x0000003e   Code   RO         4044    CL$$btod_d2e        c_w.l(btod.o)
    0x08000b8e   0x08000b8e   0x00000046   Code   RO         4046    CL$$btod_d2e_denorm_low  c_w.l(btod.o)
    0x08000bd4   0x08000bd4   0x00000060   Code   RO         4045    CL$$btod_d2e_norm_op1  c_w.l(btod.o)
    0x08000c34   0x08000c34   0x00000338   Code   RO         4054    CL$$btod_div_common  c_w.l(btod.o)
    0x08000f6c   0x08000f6c   0x000000dc   Code   RO         4051    CL$$btod_e2e        c_w.l(btod.o)
    0x08001048   0x08001048   0x0000002a   Code   RO         4048    CL$$btod_ediv       c_w.l(btod.o)
    0x08001072   0x08001072   0x0000002a   Code   RO         4047    CL$$btod_emul       c_w.l(btod.o)
    0x0800109c   0x0800109c   0x00000244   Code   RO         4053    CL$$btod_mult_common  c_w.l(btod.o)
    0x080012e0   0x080012e0   0x0000001c   Code   RO          476    i.AHT20_IcInitCmd   aht20.o
    0x080012fc   0x080012fc   0x00000058   Code   RO          477    i.AHT20_Init        aht20.o
    0x08001354   0x08001354   0x0000000c   Code   RO          478    i.AHT20_ReadBusyCmd  aht20.o
    0x08001360   0x08001360   0x0000000e   Code   RO          479    i.AHT20_ReadCalEnableCmd  aht20.o
    0x0800136e   0x0800136e   0x00000078   Code   RO          480    i.AHT20_ReadHT      aht20.o
    0x080013e6   0x080013e6   0x00000014   Code   RO          481    i.AHT20_ReadStatusCmd  aht20.o
    0x080013fa   0x080013fa   0x00000010   Code   RO          482    i.AHT20_SoftResetCmd  aht20.o
    0x0800140a   0x0800140a   0x0000001c   Code   RO          483    i.AHT20_TrigMeasureCmd  aht20.o
    0x08001426   0x08001426   0x00000004   Code   RO          171    i.BusFault_Handler  stm32f10x_it.c.o
    0x0800142a   0x0800142a   0x00000002   Code   RO          172    i.DebugMon_Handler  stm32f10x_it.c.o
    0x0800142c   0x0800142c   0x00000044   Code   RO          252    i.Delay_Init        delay.o
    0x08001470   0x08001470   0x0000004c   Code   RO          253    i.Delay_ms          delay.o
    0x080014bc   0x080014bc   0x0000004c   Code   RO          254    i.Delay_us          delay.o
    0x08001508   0x08001508   0x00000116   Code   RO         1693    i.GPIO_Init         stm32f10x_gpio.o
    0x0800161e   0x0800161e   0x00000004   Code   RO         1700    i.GPIO_ResetBits    stm32f10x_gpio.o
    0x08001622   0x08001622   0x00000004   Code   RO         1701    i.GPIO_SetBits      stm32f10x_gpio.o
    0x08001626   0x08001626   0x0000006a   Code   RO         3519    i.GUI_ShowCHinese   gui.o
    0x08001690   0x08001690   0x00000110   Code   RO         3520    i.GUI_ShowChar      gui.o
    0x080017a0   0x080017a0   0x000000f0   Code   RO         3521    i.GUI_ShowFont16    gui.o
    0x08001890   0x08001890   0x00000104   Code   RO         3522    i.GUI_ShowFont24    gui.o
    0x08001994   0x08001994   0x000000f8   Code   RO         3523    i.GUI_ShowFont32    gui.o
    0x08001a8c   0x08001a8c   0x0000006e   Code   RO         3525    i.GUI_ShowString    gui.o
    0x08001afa   0x08001afa   0x00000002   PAD
    0x08001afc   0x08001afc   0x000000f0   Code   RO         3526    i.GUI_ch_ShowFont16  gui.o
    0x08001bec   0x08001bec   0x00000004   Code   RO          173    i.HardFault_Handler  stm32f10x_it.c.o
    0x08001bf0   0x08001bf0   0x00000050   Code   RO          278    i.I2C_ACK           i2c.o
    0x08001c40   0x08001c40   0x00000050   Code   RO          279    i.I2C_NACK          i2c.o
    0x08001c90   0x08001c90   0x00000070   Code   RO          280    i.I2C_Read_Byte     i2c.o
    0x08001d00   0x08001d00   0x00000068   Code   RO          281    i.I2C_Send_Byte     i2c.o
    0x08001d68   0x08001d68   0x0000004c   Code   RO          282    i.I2C_Start         i2c.o
    0x08001db4   0x08001db4   0x0000004c   Code   RO          283    i.I2C_Stop          i2c.o
    0x08001e00   0x08001e00   0x00000064   Code   RO          284    i.I2C_Wait_ACK      i2c.o
    0x08001e64   0x08001e64   0x00000034   Code   RO          285    i.IIC_Init          i2c.o
    0x08001e98   0x08001e98   0x00000004   Code   RO          174    i.MemManage_Handler  stm32f10x_it.c.o
    0x08001e9c   0x08001e9c   0x000000a8   Code   RO          332    i.My_Uart_Init      uart.o
    0x08001f44   0x08001f44   0x00000002   Code   RO          175    i.NMI_Handler       stm32f10x_it.c.o
    0x08001f46   0x08001f46   0x0000000c   Code   RO         3838    i.NVIC_Configuration  sys.o
    0x08001f52   0x08001f52   0x00000002   PAD
    0x08001f54   0x08001f54   0x00000070   Code   RO          542    i.NVIC_Init         misc.o
    0x08001fc4   0x08001fc4   0x00000014   Code   RO          543    i.NVIC_PriorityGroupConfig  misc.o
    0x08001fd8   0x08001fd8   0x00000028   Code   RO         3664    i.OLED_Clear        oled.o
    0x08002000   0x08002000   0x00000048   Code   RO         3665    i.OLED_Display      oled.o
    0x08002048   0x08002048   0x000000da   Code   RO         3668    i.OLED_Init         oled.o
    0x08002122   0x08002122   0x00000002   PAD
    0x08002124   0x08002124   0x00000038   Code   RO         3669    i.OLED_Init_GPIO    oled.o
    0x0800215c   0x0800215c   0x00000034   Code   RO         3670    i.OLED_Reset        oled.o
    0x08002190   0x08002190   0x00000080   Code   RO         3671    i.OLED_Set_Pixel    oled.o
    0x08002210   0x08002210   0x00000040   Code   RO         3673    i.OLED_WR_Byte      oled.o
    0x08002250   0x08002250   0x00000002   Code   RO          176    i.PendSV_Handler    stm32f10x_it.c.o
    0x08002252   0x08002252   0x00000002   PAD
    0x08002254   0x08002254   0x00000020   Code   RO         2109    i.RCC_APB1PeriphClockCmd  stm32f10x_rcc.o
    0x08002274   0x08002274   0x00000020   Code   RO         2111    i.RCC_APB2PeriphClockCmd  stm32f10x_rcc.o
    0x08002294   0x08002294   0x000000d4   Code   RO         2119    i.RCC_GetClocksFreq  stm32f10x_rcc.o
    0x08002368   0x08002368   0x0000004c   Code   RO         3741    i.SPI_WriteByte     spi.o
    0x080023b4   0x080023b4   0x00000002   Code   RO          177    i.SVC_Handler       stm32f10x_it.c.o
    0x080023b6   0x080023b6   0x00000008   Code   RO           24    i.SetSysClock       system_stm32f10x.o
    0x080023be   0x080023be   0x00000002   PAD
    0x080023c0   0x080023c0   0x000000e0   Code   RO           25    i.SetSysClockTo72   system_stm32f10x.o
    0x080024a0   0x080024a0   0x00000074   Code   RO          484    i.Soft_I2C_Read     aht20.o
    0x08002514   0x08002514   0x00000060   Code   RO          485    i.Soft_I2C_Write    aht20.o
    0x08002574   0x08002574   0x000000c0   Code   RO          486    i.StandardUnitCon   aht20.o
    0x08002634   0x08002634   0x00000028   Code   RO          546    i.SysTick_CLKSourceConfig  misc.o
    0x0800265c   0x0800265c   0x00000002   Code   RO          178    i.SysTick_Handler   stm32f10x_it.c.o
    0x0800265e   0x0800265e   0x00000002   PAD
    0x08002660   0x08002660   0x00000060   Code   RO           27    i.SystemInit        system_stm32f10x.o
    0x080026c0   0x080026c0   0x00000064   Code   RO         3756    i.TEST_MainPage     test.o
    0x08002724   0x08002724   0x0000001c   Code   RO          179    i.TIM3_IRQHandler   stm32f10x_it.c.o
    0x08002740   0x08002740   0x0000001c   Code   RO          180    i.TIM4_IRQHandler   stm32f10x_it.c.o
    0x0800275c   0x0800275c   0x00000002   Code   RO          181    i.USART2_IRQHandler  stm32f10x_it.c.o
    0x0800275e   0x0800275e   0x00000018   Code   RO         3279    i.USART_Cmd         stm32f10x_usart.o
    0x08002776   0x08002776   0x0000004a   Code   RO         3285    i.USART_ITConfig    stm32f10x_usart.o
    0x080027c0   0x080027c0   0x000000d8   Code   RO         3286    i.USART_Init        stm32f10x_usart.o
    0x08002898   0x08002898   0x00000004   Code   RO          182    i.UsageFault_Handler  stm32f10x_it.c.o
    0x0800289c   0x0800289c   0x00000028   Code   RO         4079    i.__ARM_fpclassify  m_ws.l(fpclassify.o)
    0x080028c4   0x080028c4   0x0000000e   Code   RO         3896    i._is_digit         c_w.l(__printf_wp.o)
    0x080028d2   0x080028d2   0x00000006   Code   RO          337    i._sys_exit         uart.o
    0x080028d8   0x080028d8   0x00000044   Code   RO         3850    i.delay_init        delay_1.o
    0x0800291c   0x0800291c   0x0000004c   Code   RO         3851    i.delay_ms          delay_1.o
    0x08002968   0x08002968   0x0000001c   Code   RO          338    i.fputc             uart.o
    0x08002984   0x08002984   0x000000d8   Code   RO          137    i.main              main.c.o
    0x08002a5c   0x08002a5c   0x0000002c   Code   RO         4071    locale$$code        c_w.l(lc_numeric_c.o)
    0x08002a88   0x08002a88   0x00000062   Code   RO         3921    x$fpl$d2f           fz_ws.l(d2f.o)
    0x08002aea   0x08002aea   0x00000002   PAD
    0x08002aec   0x08002aec   0x00000150   Code   RO         3923    x$fpl$dadd          fz_ws.l(daddsub_clz.o)
    0x08002c3c   0x08002c3c   0x000002b0   Code   RO         3930    x$fpl$ddiv          fz_ws.l(ddiv.o)
    0x08002eec   0x08002eec   0x00000026   Code   RO         3933    x$fpl$dfltu         fz_ws.l(dflt_clz.o)
    0x08002f12   0x08002f12   0x00000002   PAD
    0x08002f14   0x08002f14   0x00000154   Code   RO         3939    x$fpl$dmul          fz_ws.l(dmul.o)
    0x08003068   0x08003068   0x0000009c   Code   RO         4004    x$fpl$dnaninf       fz_ws.l(dnaninf.o)
    0x08003104   0x08003104   0x0000000c   Code   RO         4006    x$fpl$dretinf       fz_ws.l(dretinf.o)
    0x08003110   0x08003110   0x000001d4   Code   RO         3925    x$fpl$dsub          fz_ws.l(daddsub_clz.o)
    0x080032e4   0x080032e4   0x00000056   Code   RO         3941    x$fpl$f2d           fz_ws.l(f2d.o)
    0x0800333a   0x0800333a   0x00000018   Code   RO         4008    x$fpl$fcmpinf       fz_ws.l(fcmpi.o)
    0x08003352   0x08003352   0x00000002   PAD
    0x08003354   0x08003354   0x00000068   Code   RO         3943    x$fpl$fleqf         fz_ws.l(fleqf.o)
    0x080033bc   0x080033bc   0x0000008c   Code   RO         4010    x$fpl$fnaninf       fz_ws.l(fnaninf.o)
    0x08003448   0x08003448   0x0000000a   Code   RO         4012    x$fpl$fretinf       fz_ws.l(fretinf.o)
    0x08003452   0x08003452   0x00000062   Code   RO         3945    x$fpl$frleqf        fz_ws.l(frleqf.o)
    0x080034b4   0x080034b4   0x00000004   Code   RO         3947    x$fpl$printf1       fz_ws.l(printf1.o)
    0x080034b8   0x080034b8   0x00000000   Code   RO         4014    x$fpl$usenofp       fz_ws.l(usenofp.o)
    0x080034b8   0x080034b8   0x00000e38   Data   RO         3531    .constdata          gui.o
    0x080042f0   0x080042f0   0x00000094   Data   RO         4042    .constdata          c_w.l(bigflt0.o)
    0x08004384   0x08004384   0x00000020   Data   RO         4171    Region$$Table       anon$$obj.o
    0x080043a4   0x080043a4   0x0000001c   Data   RO         4070    locale$$data        c_w.l(lc_numeric_c.o)


    Execution Region RW_IRAM1 (Exec base: 0x20000000, Load base: 0x080043c0, Size: 0x00000aa8, Max: 0x0000c000, ABSOLUTE)

    Exec Addr    Load Addr    Size         Type   Attr      Idx    E Section Name        Object

    0x20000000   0x080043c0   0x00000014   Data   RW           28    .data               system_stm32f10x.o
    0x20000014   0x080043d4   0x00000004   Data   RW          255    .data               delay.o
    0x20000018   0x080043d8   0x00000004   Data   RW          339    .data               uart.o
    0x2000001c   0x080043dc   0x00000014   Data   RW         2139    .data               stm32f10x_rcc.o
    0x20000030   0x080043f0   0x00000004   Data   RW         3853    .data               delay_1.o
    0x20000034        -       0x00000014   Zero   RW          138    .bss                main.c.o
    0x20000048        -       0x00000400   Zero   RW         3674    .bss                oled.o
    0x20000448        -       0x00000060   Zero   RW         4082    .bss                c_w.l(libspace.o)
    0x200004a8        -       0x00000200   Zero   RW            2    HEAP                startup_stm32f10x_hd.o
    0x200006a8        -       0x00000400   Zero   RW            1    STACK               startup_stm32f10x_hd.o


==============================================================================

Image component sizes


      Code (inc. data)   RO Data    RW Data    ZI Data      Debug   Object Name

       730         30          0          0          0       6283   aht20.o
         0          0          0          0          0       4516   core_cm3.o
       220         26          0          4          0       1563   delay.o
       144         22          0          4          0       1084   delay_1.o
      1476         26       3640          0          0       7124   gui.o
       680        100          0          0          0       3838   i2c.o
       216         42          0          0         20       1219   main.c.o
       172         22          0          0          0       2265   misc.o
       630         32          0          0       1024       4154   oled.o
        76          4          0          0          0        536   spi.o
        64         26        304          0       1536        848   startup_stm32f10x_hd.o
       286          0          0          0          0       3240   stm32f10x_gpio.o
        84          8          0          0          0       4934   stm32f10x_it.c.o
       276         32          0         20          0       4634   stm32f10x_rcc.o
       314          6          0          0          0       3902   stm32f10x_usart.o
        12          0          0          0          0        417   sys.o
       328         28          0         20          0     230337   system_stm32f10x.o
       100         20          0          0          0        432   test.o
       202         12          0          4          0     222641   uart.o

    ----------------------------------------------------------------------
      6022        436       3976         52       2580     503967   Object Totals
         0          0         32          0          0          0   (incl. Generated)
        12          0          0          0          0          0   (incl. Padding)

    ----------------------------------------------------------------------

      Code (inc. data)   RO Data    RW Data    ZI Data      Debug   Library Member Name

         8          0          0          0          0         68   __main.o
       284          0          0          0          0        156   __printf_wp.o
         0          0          0          0          0          0   __rtentry.o
        12          0          0          0          0          0   __rtentry2.o
         6          0          0          0          0          0   __rtentry4.o
        52          8          0          0          0          0   __scatter.o
        26          0          0          0          0          0   __scatter_copy.o
        28          0          0          0          0          0   __scatter_zi.o
        48          6          0          0          0         96   _printf_char_common.o
        36          4          0          0          0         80   _printf_char_file.o
         6          0          0          0          0          0   _printf_f.o
      1054          0          0          0          0        216   _printf_fp_dec.o
       128         16          0          0          0         84   _printf_fp_infnan.o
         0          0          0          0          0          0   _printf_percent.o
         4          0          0          0          0          0   _printf_percent_end.o
        16          0          0          0          0         68   aeabi_memset.o
       228          4        148          0          0         96   bigflt0.o
      1936        128          0          0          0        672   btod.o
        18          0          0          0          0         80   exit.o
         8          0          0          0          0         68   ferror.o
         6          0          0          0          0        152   heapauxi.o
        44         10         28          0          0         76   lc_numeric_c.o
         2          0          0          0          0          0   libinit.o
        18          0          0          0          0          0   libinit2.o
         2          0          0          0          0          0   libshutdown.o
         2          0          0          0          0          0   libshutdown2.o
         8          4          0          0         96         68   libspace.o
       138          0          0          0          0         80   lludiv10.o
        24          4          0          0          0         84   noretval__2printf.o
         8          4          0          0          0         68   rt_locale_intlibspace.o
        68          0          0          0          0         68   rt_memclr.o
        78          0          0          0          0         80   rt_memclr_w.o
         2          0          0          0          0          0   rtexit.o
        10          0          0          0          0          0   rtexit2.o
       128          0          0          0          0         68   strcmpv7m.o
        74          0          0          0          0         80   sys_stackheap_outer.o
         2          0          0          0          0         68   use_no_semi.o
         2          0          0          0          0         68   use_no_semi_2.o
        98          4          0          0          0         92   d2f.o
       804         16          0          0          0        272   daddsub_clz.o
       688        140          0          0          0        208   ddiv.o
        38          0          0          0          0         68   dflt_clz.o
       340         12          0          0          0        104   dmul.o
       156          4          0          0          0         92   dnaninf.o
        12          0          0          0          0         68   dretinf.o
        86          4          0          0          0         84   f2d.o
        24          0          0          0          0         68   fcmpi.o
       104          4          0          0          0         84   fleqf.o
       140          4          0          0          0         84   fnaninf.o
        10          0          0          0          0         68   fretinf.o
        98          0          0          0          0         68   frleqf.o
         4          0          0          0          0         68   printf1.o
         0          0          0          0          0          0   usenofp.o
        40          0          0          0          0         68   fpclassify.o

    ----------------------------------------------------------------------
      7170        376        176          0         96       4140   Library Totals
        14          0          0          0          0          0   (incl. Padding)

    ----------------------------------------------------------------------

      Code (inc. data)   RO Data    RW Data    ZI Data      Debug   Library Name

      4514        188        176          0         96       2644   c_w.l
      2602        188          0          0          0       1428   fz_ws.l
        40          0          0          0          0         68   m_ws.l

    ----------------------------------------------------------------------
      7170        376        176          0         96       4140   Library Totals

    ----------------------------------------------------------------------

==============================================================================


      Code (inc. data)   RO Data    RW Data    ZI Data      Debug   

     13192        812       4152         52       2676     502279   Grand Totals
     13192        812       4152         52       2676     502279   ELF Image Totals
     13192        812       4152         52          0          0   ROM Totals

==============================================================================

    Total RO  Size (Code + RO Data)                17344 (  16.94kB)
    Total RW  Size (RW Data + ZI Data)              2728 (   2.66kB)
    Total ROM Size (Code + RO Data + RW Data)      17396 (  16.99kB)

==============================================================================

